[WARNING] 
[WARNING] Some problems were encountered while building the effective settings
[WARNING] Unrecognised tag: 'profiles' (position: START_TAG seen ...</profile>\n    -->\n  <profiles>... @226:13)  @ E:\JAVA\apache-maven-3.9.9\conf\settings.xml, line 226, column 13
[WARNING] 
[INFO] Scanning for projects...
[INFO] 
[INFO] -----------------< com.xmu.iginx:iginx-assoc-backend >------------------
[INFO] Building iginx-assoc-backend 0.0.1-SNAPSHOT
[INFO]   from pom.xml
[INFO] --------------------------------[ jar ]---------------------------------
[INFO] 
[INFO] >>> spring-boot:3.2.0:run (default-cli) > test-compile @ iginx-assoc-backend >>>
[INFO] 
[INFO] --- resources:3.3.1:resources (default-resources) @ iginx-assoc-backend ---
[INFO] Copying 1 resource from src\main\resources to target\classes
[INFO] Copying 1 resource from src\main\resources to target\classes
[INFO] 
[INFO] --- compiler:3.11.0:compile (default-compile) @ iginx-assoc-backend ---
[INFO] Changes detected - recompiling the module! :source
[INFO] Compiling 130 source files with javac [debug release 17] to target\classes
[INFO] 
[INFO] --- resources:3.3.1:testResources (default-testResources) @ iginx-assoc-backend ---
[INFO] skip non existing resourceDirectory E:\毕设\基于IGinX的数据与模型智能关联管理系统设计与实现\code\iginx-assoc-backend\src\test\resources
[INFO] 
[INFO] --- compiler:3.11.0:testCompile (default-testCompile) @ iginx-assoc-backend ---
[INFO] Changes detected - recompiling the module! :dependency
[INFO] Compiling 2 source files with javac [debug release 17] to target\test-classes
[INFO] 
[INFO] <<< spring-boot:3.2.0:run (default-cli) < test-compile @ iginx-assoc-backend <<<
[INFO] 
[INFO] 
[INFO] --- spring-boot:3.2.0:run (default-cli) @ iginx-assoc-backend ---
[INFO] Attaching agents: []
Standard Commons Logging discovery in action with spring-jcl: please remove commons-logging.jar from classpath in order to avoid potential conflicts

  .   ____          _            __ _ _
 /\\ / ___'_ __ _ _(_)_ __  __ _ \ \ \ \
( ( )\___ | '_ | '_| | '_ \/ _` | \ \ \ \
 \\/  ___)| |_)| | | | | || (_| |  ) ) ) )
  '  |____| .__|_| |_|_| |_\__, | / / / /
 =========|_|==============|___/=/_/_/_/
 :: Spring Boot ::                (v3.2.0)

2026-02-23T10:19:55.329+08:00  INFO 39232 --- [iginx-assoc-backend] [           main] c.xmu.iginx.assoc.IginxAssocApplication  : Starting IginxAssocApplication using Java 17.0.12 with PID 39232 (E:\毕设\基于IGinX的数据与模型智能关联管理系统设计与实现\code\iginx-assoc-backend\target\classes started by 22685 in E:\毕设\基于IGinX的数据与模型智能关联管理系统设计与实现\code\iginx-assoc-backend)
2026-02-23T10:19:55.331+08:00 DEBUG 39232 --- [iginx-assoc-backend] [           main] c.xmu.iginx.assoc.IginxAssocApplication  : Running with Spring Boot v3.2.0, Spring v6.1.1
2026-02-23T10:19:55.332+08:00  INFO 39232 --- [iginx-assoc-backend] [           main] c.xmu.iginx.assoc.IginxAssocApplication  : The following 1 profile is active: "dev"
2026-02-23T10:19:55.988+08:00  INFO 39232 --- [iginx-assoc-backend] [           main] .s.d.r.c.RepositoryConfigurationDelegate : Bootstrapping Spring Data JPA repositories in DEFAULT mode.
2026-02-23T10:19:56.063+08:00  INFO 39232 --- [iginx-assoc-backend] [           main] .s.d.r.c.RepositoryConfigurationDelegate : Finished Spring Data repository scanning in 68 ms. Found 6 JPA repository interfaces.
2026-02-23T10:19:56.645+08:00  INFO 39232 --- [iginx-assoc-backend] [           main] o.s.b.w.embedded.tomcat.TomcatWebServer  : Tomcat initialized with port 8080 (http)
2026-02-23T10:19:56.654+08:00  INFO 39232 --- [iginx-assoc-backend] [           main] o.apache.catalina.core.StandardService   : Starting service [Tomcat]
2026-02-23T10:19:56.654+08:00  INFO 39232 --- [iginx-assoc-backend] [           main] o.apache.catalina.core.StandardEngine    : Starting Servlet engine: [Apache Tomcat/10.1.16]
2026-02-23T10:19:56.743+08:00  INFO 39232 --- [iginx-assoc-backend] [           main] o.a.c.c.C.[Tomcat].[localhost].[/]       : Initializing Spring embedded WebApplicationContext
2026-02-23T10:19:56.744+08:00  INFO 39232 --- [iginx-assoc-backend] [           main] w.s.c.ServletWebServerApplicationContext : Root WebApplicationContext: initialization completed in 1373 ms
Standard Commons Logging discovery in action with spring-jcl: please remove commons-logging.jar from classpath in order to avoid potential conflicts
2026-02-23T10:19:56.819+08:00  INFO 39232 --- [iginx-assoc-backend] [           main] com.zaxxer.hikari.HikariDataSource       : HikariPool-1 - Starting...
2026-02-23T10:19:56.930+08:00  INFO 39232 --- [iginx-assoc-backend] [           main] com.zaxxer.hikari.pool.HikariPool        : HikariPool-1 - Added connection org.postgresql.jdbc.PgConnection@2416c658
2026-02-23T10:19:56.931+08:00  INFO 39232 --- [iginx-assoc-backend] [           main] com.zaxxer.hikari.HikariDataSource       : HikariPool-1 - Start completed.
2026-02-23T10:19:57.001+08:00  INFO 39232 --- [iginx-assoc-backend] [           main] o.hibernate.jpa.internal.util.LogHelper  : HHH000204: Processing PersistenceUnitInfo [name: default]
2026-02-23T10:19:57.044+08:00  INFO 39232 --- [iginx-assoc-backend] [           main] org.hibernate.Version                    : HHH000412: Hibernate ORM core version 6.3.1.Final
2026-02-23T10:19:57.074+08:00  INFO 39232 --- [iginx-assoc-backend] [           main] o.h.c.internal.RegionFactoryInitiator    : HHH000026: Second-level cache disabled
2026-02-23T10:19:57.259+08:00  INFO 39232 --- [iginx-assoc-backend] [           main] o.s.o.j.p.SpringPersistenceUnitInfo      : No LoadTimeWeaver setup: ignoring JPA class transformer
2026-02-23T10:19:58.178+08:00  INFO 39232 --- [iginx-assoc-backend] [           main] o.h.e.t.j.p.i.JtaPlatformInitiator       : HHH000489: No JTA platform available (set 'hibernate.transaction.jta.platform' to enable JTA platform integration)
2026-02-23T10:19:58.182+08:00  INFO 39232 --- [iginx-assoc-backend] [           main] j.LocalContainerEntityManagerFactoryBean : Initialized JPA EntityManagerFactory for persistence unit 'default'
2026-02-23T10:19:58.224+08:00  INFO 39232 --- [iginx-assoc-backend] [           main] c.x.i.a.f.iginx.IginxStorageWrapper      : Connected to IGinX at 127.0.0.1:6888
2026-02-23T10:19:59.028+08:00  WARN 39232 --- [iginx-assoc-backend] [           main] .s.s.UserDetailsServiceAutoConfiguration : 

Using generated security password: 9d92f4a4-a5a6-4336-a8aa-c1295d4098b1

This generated password is for development use only. Your security configuration must be updated before running your application in production.

2026-02-23T10:20:00.348+08:00  INFO 39232 --- [iginx-assoc-backend] [           main] o.s.s.web.DefaultSecurityFilterChain     : Will secure any request with [org.springframework.security.web.session.DisableEncodeUrlFilter@19bad88, org.springframework.security.web.context.request.async.WebAsyncManagerIntegrationFilter@2226fd2b, org.springframework.security.web.context.SecurityContextHolderFilter@6aff157e, org.springframework.security.web.header.HeaderWriterFilter@4924ad09, org.springframework.web.filter.CorsFilter@1488d1c, org.springframework.security.web.authentication.logout.LogoutFilter@19c6e821, org.springframework.security.web.savedrequest.RequestCacheAwareFilter@106c73ed, org.springframework.security.web.servletapi.SecurityContextHolderAwareRequestFilter@6cd1ee, org.springframework.security.web.authentication.AnonymousAuthenticationFilter@b21cbbf, org.springframework.security.web.access.ExceptionTranslationFilter@1dab2cf5, org.springframework.security.web.access.intercept.AuthorizationFilter@62682ece]
2026-02-23T10:20:00.645+08:00  INFO 39232 --- [iginx-assoc-backend] [           main] o.s.b.w.embedded.tomcat.TomcatWebServer  : Tomcat started on port 8080 (http) with context path ''
2026-02-23T10:20:00.657+08:00  INFO 39232 --- [iginx-assoc-backend] [           main] c.xmu.iginx.assoc.IginxAssocApplication  : Started IginxAssocApplication in 5.693 seconds (process running for 6.08)
2026-02-23T10:32:10.351+08:00  INFO 39232 --- [iginx-assoc-backend] [nio-8080-exec-1] o.a.c.c.C.[Tomcat].[localhost].[/]       : Initializing Spring DispatcherServlet 'dispatcherServlet'
2026-02-23T10:32:10.351+08:00  INFO 39232 --- [iginx-assoc-backend] [nio-8080-exec-1] o.s.web.servlet.DispatcherServlet        : Initializing Servlet 'dispatcherServlet'
2026-02-23T10:32:10.354+08:00  INFO 39232 --- [iginx-assoc-backend] [nio-8080-exec-1] o.s.web.servlet.DispatcherServlet        : Completed initialization in 3 ms
2026-02-23T10:32:10.399+08:00  WARN 39232 --- [iginx-assoc-backend] [nio-8080-exec-4] o.s.w.s.h.HandlerMappingIntrospector     : Cache miss for REQUEST dispatch to '/api/v1/data/sources' (previous null). Performing MatchableHandlerMapping lookup. This is logged once only at WARN level, and every time at TRACE.
2026-02-23T10:32:12.194+08:00  WARN 39232 --- [iginx-assoc-backend] [nio-8080-exec-5] c.x.i.a.c.e.GlobalExceptionHandler       : Request ID: 6, BizException: 鑾峰彇鏁版嵁婧愯〃缁撴瀯澶辫触: Index 0 out of bounds for length 0
2026-02-23T10:32:21.647+08:00 DEBUG 39232 --- [iginx-assoc-backend] [nio-8080-exec-7] c.x.i.a.f.iginx.IginxStorageWrapper      : Executing SQL: ADD STORAGEENGINE ("127.0.0.1", 5433, "relational", "has_data=false, is_read_only=false, engine=postgresql, username=postgres, password=postgres, database=postgres, data_prefix=ssss");
2026-02-23T10:32:21.661+08:00  WARN 39232 --- [iginx-assoc-backend] [nio-8080-exec-7] c.x.i.a.f.iginx.IginxStorageWrapper      : IGinX 已存在相同存储引擎，跳过重复注册。sql=ADD STORAGEENGINE ("127.0.0.1", 5433, "relational", "has_data=false, is_read_only=false, engine=postgresql, username=postgres, password=postgres, database=postgres, data_prefix=ssss");
2026-02-23T10:32:21.697+08:00 DEBUG 39232 --- [iginx-assoc-backend] [nio-8080-exec-7] c.x.i.a.f.iginx.IginxStorageWrapper      : Executing SQL: INSERT INTO ssss.public.ddd (KEY, ssss.public.ddd.device_id, ssss.public.ddd.device_name, ssss.public.ddd.location, ssss.public.ddd.install_date, ssss.public.ddd.status) VALUES (9223372036854775806, '', '', '', '', '');
2026-02-23T10:32:21.706+08:00 DEBUG 39232 --- [iginx-assoc-backend] [nio-8080-exec-7] c.x.i.a.f.iginx.IginxStorageWrapper      : Executing SQL: INSERT INTO ssss.public.ddd (KEY, ssss.public.ddd.device_id, ssss.public.ddd.device_name, ssss.public.ddd.location, ssss.public.ddd.install_date, ssss.public.ddd.status) VALUES (7327804024163813091, '1', 'compressor_A', 'plant1', '2024-05-12', 'ACTIVE'), (489540720690778357, '2', 'compressor_B', 'plant1', '2024-05-20', 'ACTIVE'), (6881947439609914101, '3', 'pump_C', 'plant2', '2024-06-01', 'MAINT'), (2148519980872099802, '4', 'fan_D', 'plant3', '2024-06-10', 'INACTIVE');
2026-02-23T10:32:21.762+08:00  WARN 39232 --- [iginx-assoc-backend] [nio-8080-exec-9] c.x.i.a.c.e.GlobalExceptionHandler       : Request ID: 9, BizException: 鑾峰彇鏁版嵁婧愯〃缁撴瀯澶辫触: Index 0 out of bounds for length 0
2026-02-23T10:42:36.133+08:00  WARN 39232 --- [iginx-assoc-backend] [nio-8080-exec-8] c.x.i.a.c.e.GlobalExceptionHandler       : Request ID: 37, BizException: 模型文件不存在
2026-02-23T10:42:36.481+08:00  WARN 39232 --- [iginx-assoc-backend] [nio-8080-exec-9] c.x.i.a.c.e.GlobalExceptionHandler       : Request ID: 38, NoResourceFound: favicon.ico
2026-02-23T10:42:40.141+08:00  WARN 39232 --- [iginx-assoc-backend] [io-8080-exec-10] c.x.i.a.c.e.GlobalExceptionHandler       : Request ID: 39, BizException: 模型文件不存在
2026-02-23T10:42:40.301+08:00  WARN 39232 --- [iginx-assoc-backend] [nio-8080-exec-2] c.x.i.a.c.e.GlobalExceptionHandler       : Request ID: 3a, NoResourceFound: favicon.ico
2026-02-23T10:43:36.691+08:00  WARN 39232 --- [iginx-assoc-backend] [nio-8080-exec-5] c.x.i.a.c.e.GlobalExceptionHandler       : Request ID: 52, BizException: 模型文件不存在
2026-02-23T10:43:37.066+08:00  WARN 39232 --- [iginx-assoc-backend] [nio-8080-exec-8] c.x.i.a.c.e.GlobalExceptionHandler       : Request ID: 53, NoResourceFound: favicon.ico
2026-02-23T10:44:32.868+08:00  WARN 39232 --- [iginx-assoc-backend] [nio-8080-exec-7] c.x.i.a.c.e.GlobalExceptionHandler       : Request ID: 86, BizException: 鑾峰彇鏁版嵁婧愯〃缁撴瀯澶辫触: Index 0 out of bounds for length 0
2026-02-23T10:50:55.287+08:00  WARN 39232 --- [iginx-assoc-backend] [nio-8080-exec-3] c.x.i.a.c.e.GlobalExceptionHandler       : Request ID: 9b, BizException: 模型文件不存在
2026-02-23T10:50:55.722+08:00  WARN 39232 --- [iginx-assoc-backend] [nio-8080-exec-6] c.x.i.a.c.e.GlobalExceptionHandler       : Request ID: 9c, NoResourceFound: favicon.ico
2026-02-23T10:54:01.151+08:00  WARN 39232 --- [iginx-assoc-backend] [nio-8080-exec-3] c.x.i.a.c.e.GlobalExceptionHandler       : Request ID: be, BizException: 鑾峰彇鏁版嵁婧愯〃缁撴瀯澶辫触: Index 0 out of bounds for length 0
2026-02-23T10:54:01.655+08:00  WARN 39232 --- [iginx-assoc-backend] [nio-8080-exec-6] c.x.i.a.c.e.GlobalExceptionHandler       : Request ID: bf, BizException: 鑾峰彇鏁版嵁婧愯〃缁撴瀯澶辫触: Index 0 out of bounds for length 0
