2026-02-26 16:28:20,732 INFO  [main] - [cn.edu.tsinghua.iginx.conf.ConfigDescriptor.<init>:36] load parameters from config.properties.
2026-02-26 16:28:20,751 INFO  [main] - [cn.edu.tsinghua.iginx.metadata.DefaultMetaManager.<init>:87] use zookeeper as meta storage.
二月 26, 2026 4:28:21 下午 org.glassfish.jersey.internal.Errors logErrors
警告: The following warnings have been detected: WARNING: The (sub)resource method OK in cn.edu.tsinghua.iginx.rest.MetricsResource contains empty path annotation.

二月 26, 2026 4:28:21 下午 org.glassfish.grizzly.http.server.NetworkListener start
信息: Started listener bound to [0.0.0.0:7888]
二月 26, 2026 4:28:21 下午 org.glassfish.grizzly.http.server.HttpServer start
信息: [HttpServer] Started.
2026-02-26 16:28:21,764 INFO  [Thread-1] - [cn.edu.tsinghua.iginx.rest.RestServer.start:58] Iginx REST server has been available at http://0.0.0.0:7888/.
2026-02-26 16:28:21,818 ERROR [main] - [cn.edu.tsinghua.iginx.metadata.storage.zk.ZooKeeperMetaStorage.loadIginx:286] resolve data from /iginx/connection-iginx error
2026-02-26 16:28:21,934 ERROR [main] - [cn.edu.tsinghua.iginx.metadata.DefaultMetaManager.<init>:124] init meta manager error: 
cn.edu.tsinghua.iginx.metadata.exception.MetaStorageException: get error when load iginx
	at cn.edu.tsinghua.iginx.metadata.storage.zk.ZooKeeperMetaStorage.loadIginx(ZooKeeperMetaStorage.java:295)
	at cn.edu.tsinghua.iginx.metadata.DefaultMetaManager.initIginx(DefaultMetaManager.java:224)
	at cn.edu.tsinghua.iginx.metadata.DefaultMetaManager.<init>(DefaultMetaManager.java:111)
	at cn.edu.tsinghua.iginx.metadata.DefaultMetaManager.getInstance(DefaultMetaManager.java:133)
	at cn.edu.tsinghua.iginx.IginxWorker.<init>(IginxWorker.java:73)
	at cn.edu.tsinghua.iginx.IginxWorker.<clinit>(IginxWorker.java:71)
	at cn.edu.tsinghua.iginx.Iginx.startServer(Iginx.java:58)
	at cn.edu.tsinghua.iginx.Iginx.main(Iginx.java:54)
Caused by: com.alibaba.fastjson2.JSONException: illegal fieldName input1, offset 1, character 1, line 1, column 2, fastjson-version 2.0.34 169.254.74.28
	at com.alibaba.fastjson2.JSONReaderUTF8.readFieldNameHashCode(JSONReaderUTF8.java:967)
	at com.alibaba.fastjson2.reader.ObjectReaderNoneDefaultConstructor.readObject(ObjectReaderNoneDefaultConstructor.java:242)
	at com.alibaba.fastjson2.JSON.parseObject(JSON.java:1355)
	at cn.edu.tsinghua.iginx.utils.JsonUtils.fromJson(JsonUtils.java:33)
	at cn.edu.tsinghua.iginx.metadata.storage.zk.ZooKeeperMetaStorage.loadIginx(ZooKeeperMetaStorage.java:284)
	... 7 more
