2026-02-27 00:48:51,095 INFO  [main] - [cn.edu.tsinghua.iginx.conf.ConfigDescriptor.<init>:36] load parameters from config.properties.
2026-02-27 00:48:51,118 INFO  [main] - [cn.edu.tsinghua.iginx.metadata.DefaultMetaManager.<init>:87] use zookeeper as meta storage.
2026-02-27 00:48:51,913 INFO  [main] - [cn.edu.tsinghua.iginx.utils.SnowFlakeUtils.<init>:53] data center id: 0, machine id: 0
2026-02-27 00:48:51,925 INFO  [Curator-TreeCache-0] - [cn.edu.tsinghua.iginx.metadata.storage.zk.ZooKeeperMetaStorage.lambda$registerIginxListener$1:348] new iginx comes to cluster: id = 0 ,ip = 192.168.0.101 , port = 6888
2026-02-27 00:48:51,945 INFO  [Thread-0] - [cn.edu.tsinghua.iginx.rest.RestServer.start:58] Iginx REST server has been available at http://0.0.0.0:7888/.
2026-02-27 00:48:51,994 INFO  [Curator-TreeCache-1] - [cn.edu.tsinghua.iginx.metadata.storage.zk.ZooKeeperMetaStorage.lambda$registerStorageEngineListener$2:518] storage engine meta updated /storage/node0000000000
2026-02-27 00:48:51,995 INFO  [Curator-TreeCache-1] - [cn.edu.tsinghua.iginx.metadata.storage.zk.ZooKeeperMetaStorage.lambda$registerStorageEngineListener$2:519] storage engine: {"createdBy":0,"extraParams":{"has_data":"false","dummy_dir":"dummy","data.config.write.buffer.size":"104857600","client.connectPool.maxTotal":"100","is_read_only":"false","data.config.write.buffer.timeout":"1s","dir":"data","iginx_port":"6888","dummy.struct":"LegacyFilesystem","dummy.config.chunk_size_in_bytes":"1048576","dummy.config.memory_pool_size":"100"},"hasData":false,"id":0,"ip":"127.0.0.1","needReAllocate":false,"port":6668,"readOnly":false,"storageEngine":"filesystem"}
2026-02-27 00:48:52,001 INFO  [Curator-TreeCache-1] - [cn.edu.tsinghua.iginx.metadata.storage.zk.ZooKeeperMetaStorage.lambda$registerStorageEngineListener$2:522] new storage engine comes to cluster: id = 0 ,ip = 127.0.0.1 , port = 6668
2026-02-27 00:48:52,385 INFO  [main] - [cn.edu.tsinghua.iginx.engine.physical.optimizer.PhysicalOptimizerManager.getOptimizer:51] use naive as physical optimizer.
2026-02-27 00:48:52,467 INFO  [main] - [cn.edu.tsinghua.iginx.filesystem.FileSystemStorage.<clinit>:92] found file structures: [LegacyParquet, LegacyFilesystem, FileTree]
2026-02-27 00:48:52,536 INFO  [main] - [cn.edu.tsinghua.iginx.filesystem.struct.legacy.parquet.LegacyParquet.newShared:129] Create shared storage properties: StorageProperties[flushOnClose=true, writeBufferSize=104857600, writeBufferPermits=2, writeBufferChunkValuesMax=3970, writeBufferChunkValuesMin=3970, writeBufferChunkType=NONE, writeBufferTimeout=PT1S, writeBatchSize=1048576, compactPermits=2, cacheCapacity=16777216, cacheTimeout=null, cacheSoftValues=false, parquetRowGroupSize=134217728, parquetPageSize=8192, parquetOutputBufferMaxSize=262144, parquetCompression='UNCOMPRESSED', zstdLevel=3, zstdWorkers=0, parquetLz4BufferSize=262144]
2026-02-27 00:48:52,652 INFO  [main] - [cn.edu.tsinghua.iginx.filesystem.struct.legacy.parquet.LegacyParquet.newShared:129] Create shared storage properties: StorageProperties[flushOnClose=true, writeBufferSize=104857600, writeBufferPermits=2, writeBufferChunkValuesMax=3970, writeBufferChunkValuesMin=3970, writeBufferChunkType=NONE, writeBufferTimeout=PT1S, writeBatchSize=1048576, compactPermits=2, cacheCapacity=16777216, cacheTimeout=null, cacheSoftValues=false, parquetRowGroupSize=134217728, parquetPageSize=8192, parquetOutputBufferMaxSize=262144, parquetCompression='UNCOMPRESSED', zstdLevel=3, zstdWorkers=0, parquetLz4BufferSize=262144]
2026-02-27 00:48:52,657 INFO  [main] - [cn.edu.tsinghua.iginx.filesystem.service.storage.StorageService.createManager:202] creating LegacyParquet writer for DataUnit(dummy:false, name:unit0000000000) in data\iginx_unit0000000000
2026-02-27 00:48:52,987 WARN  [main] - [org.ehcache.sizeof.ObjectGraphWalker.getAllFields:251] The JVM is preventing Ehcache from accessing the subgraph beneath 'transient java.lang.Object[] java.util.ArrayList.elementData' - cache sizes may be underestimated as a result
java.lang.reflect.InaccessibleObjectException: Unable to make field transient java.lang.Object[] java.util.ArrayList.elementData accessible: module java.base does not "opens java.util" to unnamed module @66d57c1b
	at java.base/java.lang.reflect.AccessibleObject.checkCanSetAccessible(AccessibleObject.java:354)
	at java.base/java.lang.reflect.AccessibleObject.checkCanSetAccessible(AccessibleObject.java:297)
	at java.base/java.lang.reflect.Field.checkCanSetAccessible(Field.java:178)
	at java.base/java.lang.reflect.Field.setAccessible(Field.java:172)
	at org.ehcache.sizeof.ObjectGraphWalker.getAllFields(ObjectGraphWalker.java:245)
	at org.ehcache.sizeof.ObjectGraphWalker.getFilteredFields(ObjectGraphWalker.java:204)
	at org.ehcache.sizeof.ObjectGraphWalker.walk(ObjectGraphWalker.java:159)
	at org.ehcache.sizeof.SizeOf.deepSizeOf(SizeOf.java:74)
	at cn.edu.tsinghua.iginx.filesystem.struct.legacy.parquet.util.CachePool$Cacheable.getWeight(CachePool.java:52)
	at cn.edu.tsinghua.iginx.filesystem.struct.legacy.parquet.util.CachePool.lambda$new$0(CachePool.java:35)
	at com.github.benmanes.caffeine.cache.BoundedWeigher.weigh(Weigher.java:93)
	at com.github.benmanes.caffeine.cache.BoundedLocalCache.lambda$doComputeIfAbsent$14(BoundedLocalCache.java:2411)
	at java.base/java.util.concurrent.ConcurrentHashMap.compute(ConcurrentHashMap.java:1916)
	at com.github.benmanes.caffeine.cache.BoundedLocalCache.doComputeIfAbsent(BoundedLocalCache.java:2404)
	at com.github.benmanes.caffeine.cache.BoundedLocalCache.computeIfAbsent(BoundedLocalCache.java:2387)
	at com.github.benmanes.caffeine.cache.LocalCache.computeIfAbsent(LocalCache.java:108)
	at cn.edu.tsinghua.iginx.filesystem.struct.legacy.parquet.manager.data.ParquetReadWriter.getParquetTableMeta(ParquetReadWriter.java:156)
	at cn.edu.tsinghua.iginx.filesystem.struct.legacy.parquet.manager.data.ParquetReadWriter.readMeta(ParquetReadWriter.java:142)
	at cn.edu.tsinghua.iginx.filesystem.struct.legacy.parquet.db.lsm.table.FileTable.getMeta(FileTable.java:47)
	at cn.edu.tsinghua.iginx.filesystem.struct.legacy.parquet.db.lsm.table.TableStorage.getMeta(TableStorage.java:123)
	at cn.edu.tsinghua.iginx.filesystem.struct.legacy.parquet.db.lsm.table.TableIndex.<init>(TableIndex.java:51)
	at cn.edu.tsinghua.iginx.filesystem.struct.legacy.parquet.db.lsm.table.TableStorage.<init>(TableStorage.java:62)
	at cn.edu.tsinghua.iginx.filesystem.struct.legacy.parquet.db.lsm.OneTierDB.<init>(OneTierDB.java:75)
	at cn.edu.tsinghua.iginx.filesystem.struct.legacy.parquet.manager.data.DataManager.<init>(DataManager.java:66)
	at cn.edu.tsinghua.iginx.filesystem.struct.legacy.parquet.LegacyParquet.lambda$newWriter$1(LegacyParquet.java:146)
	at cn.edu.tsinghua.iginx.filesystem.struct.legacy.parquet.LegacyParquetWrapper.<init>(LegacyParquetWrapper.java:80)
	at cn.edu.tsinghua.iginx.filesystem.struct.legacy.parquet.LegacyParquet.newWriter(LegacyParquet.java:146)
	at cn.edu.tsinghua.iginx.filesystem.service.storage.StorageService.createManager(StorageService.java:203)
	at cn.edu.tsinghua.iginx.filesystem.service.storage.StorageService.getOrCreateManager(StorageService.java:174)
	at cn.edu.tsinghua.iginx.filesystem.service.storage.StorageService.initManager(StorageService.java:121)
	at cn.edu.tsinghua.iginx.filesystem.service.storage.StorageService.<init>(StorageService.java:83)
	at cn.edu.tsinghua.iginx.filesystem.service.FileSystemService.<init>(FileSystemService.java:49)
	at cn.edu.tsinghua.iginx.filesystem.FileSystemStorage.<init>(FileSystemStorage.java:109)
	at java.base/jdk.internal.reflect.NativeConstructorAccessorImpl.newInstance0(Native Method)
	at java.base/jdk.internal.reflect.NativeConstructorAccessorImpl.newInstance(NativeConstructorAccessorImpl.java:77)
	at java.base/jdk.internal.reflect.DelegatingConstructorAccessorImpl.newInstance(DelegatingConstructorAccessorImpl.java:45)
	at java.base/java.lang.reflect.Constructor.newInstanceWithCaller(Constructor.java:499)
	at java.base/java.lang.reflect.Constructor.newInstance(Constructor.java:480)
	at cn.edu.tsinghua.iginx.engine.physical.storage.StorageManager.initStorage(StorageManager.java:120)
	at cn.edu.tsinghua.iginx.engine.physical.storage.StorageManager.<init>(StorageManager.java:55)
	at cn.edu.tsinghua.iginx.engine.physical.storage.execute.StoragePhysicalTaskExecutor.<init>(StoragePhysicalTaskExecutor.java:73)
	at cn.edu.tsinghua.iginx.engine.physical.storage.execute.StoragePhysicalTaskExecutor.<clinit>(StoragePhysicalTaskExecutor.java:68)
	at cn.edu.tsinghua.iginx.engine.physical.PhysicalEngineImpl.<init>(PhysicalEngineImpl.java:62)
	at cn.edu.tsinghua.iginx.engine.physical.PhysicalEngineImpl.<clinit>(PhysicalEngineImpl.java:49)
	at cn.edu.tsinghua.iginx.engine.StatementExecutor.<clinit>(StatementExecutor.java:93)
	at cn.edu.tsinghua.iginx.IginxWorker.<init>(IginxWorker.java:83)
	at cn.edu.tsinghua.iginx.IginxWorker.<clinit>(IginxWorker.java:71)
	at cn.edu.tsinghua.iginx.Iginx.startServer(Iginx.java:58)
	at cn.edu.tsinghua.iginx.Iginx.main(Iginx.java:54)
2026-02-27 00:48:52,991 WARN  [main] - [org.ehcache.sizeof.ObjectGraphWalker.getAllFields:251] The JVM is preventing Ehcache from accessing the subgraph beneath 'private final byte[] java.lang.String.value' - cache sizes may be underestimated as a result
java.lang.reflect.InaccessibleObjectException: Unable to make field private final byte[] java.lang.String.value accessible: module java.base does not "opens java.lang" to unnamed module @66d57c1b
	at java.base/java.lang.reflect.AccessibleObject.checkCanSetAccessible(AccessibleObject.java:354)
	at java.base/java.lang.reflect.AccessibleObject.checkCanSetAccessible(AccessibleObject.java:297)
	at java.base/java.lang.reflect.Field.checkCanSetAccessible(Field.java:178)
	at java.base/java.lang.reflect.Field.setAccessible(Field.java:172)
	at org.ehcache.sizeof.ObjectGraphWalker.getAllFields(ObjectGraphWalker.java:245)
	at org.ehcache.sizeof.ObjectGraphWalker.getFilteredFields(ObjectGraphWalker.java:204)
	at org.ehcache.sizeof.ObjectGraphWalker.walk(ObjectGraphWalker.java:159)
	at org.ehcache.sizeof.SizeOf.deepSizeOf(SizeOf.java:74)
	at cn.edu.tsinghua.iginx.filesystem.struct.legacy.parquet.util.CachePool$Cacheable.getWeight(CachePool.java:52)
	at cn.edu.tsinghua.iginx.filesystem.struct.legacy.parquet.util.CachePool.lambda$new$0(CachePool.java:35)
	at com.github.benmanes.caffeine.cache.BoundedWeigher.weigh(Weigher.java:93)
	at com.github.benmanes.caffeine.cache.BoundedLocalCache.lambda$doComputeIfAbsent$14(BoundedLocalCache.java:2411)
	at java.base/java.util.concurrent.ConcurrentHashMap.compute(ConcurrentHashMap.java:1916)
	at com.github.benmanes.caffeine.cache.BoundedLocalCache.doComputeIfAbsent(BoundedLocalCache.java:2404)
	at com.github.benmanes.caffeine.cache.BoundedLocalCache.computeIfAbsent(BoundedLocalCache.java:2387)
	at com.github.benmanes.caffeine.cache.LocalCache.computeIfAbsent(LocalCache.java:108)
	at cn.edu.tsinghua.iginx.filesystem.struct.legacy.parquet.manager.data.ParquetReadWriter.getParquetTableMeta(ParquetReadWriter.java:156)
	at cn.edu.tsinghua.iginx.filesystem.struct.legacy.parquet.manager.data.ParquetReadWriter.readMeta(ParquetReadWriter.java:142)
	at cn.edu.tsinghua.iginx.filesystem.struct.legacy.parquet.db.lsm.table.FileTable.getMeta(FileTable.java:47)
	at cn.edu.tsinghua.iginx.filesystem.struct.legacy.parquet.db.lsm.table.TableStorage.getMeta(TableStorage.java:123)
	at cn.edu.tsinghua.iginx.filesystem.struct.legacy.parquet.db.lsm.table.TableIndex.<init>(TableIndex.java:51)
	at cn.edu.tsinghua.iginx.filesystem.struct.legacy.parquet.db.lsm.table.TableStorage.<init>(TableStorage.java:62)
	at cn.edu.tsinghua.iginx.filesystem.struct.legacy.parquet.db.lsm.OneTierDB.<init>(OneTierDB.java:75)
	at cn.edu.tsinghua.iginx.filesystem.struct.legacy.parquet.manager.data.DataManager.<init>(DataManager.java:66)
	at cn.edu.tsinghua.iginx.filesystem.struct.legacy.parquet.LegacyParquet.lambda$newWriter$1(LegacyParquet.java:146)
	at cn.edu.tsinghua.iginx.filesystem.struct.legacy.parquet.LegacyParquetWrapper.<init>(LegacyParquetWrapper.java:80)
	at cn.edu.tsinghua.iginx.filesystem.struct.legacy.parquet.LegacyParquet.newWriter(LegacyParquet.java:146)
	at cn.edu.tsinghua.iginx.filesystem.service.storage.StorageService.createManager(StorageService.java:203)
	at cn.edu.tsinghua.iginx.filesystem.service.storage.StorageService.getOrCreateManager(StorageService.java:174)
	at cn.edu.tsinghua.iginx.filesystem.service.storage.StorageService.initManager(StorageService.java:121)
	at cn.edu.tsinghua.iginx.filesystem.service.storage.StorageService.<init>(StorageService.java:83)
	at cn.edu.tsinghua.iginx.filesystem.service.FileSystemService.<init>(FileSystemService.java:49)
	at cn.edu.tsinghua.iginx.filesystem.FileSystemStorage.<init>(FileSystemStorage.java:109)
	at java.base/jdk.internal.reflect.NativeConstructorAccessorImpl.newInstance0(Native Method)
	at java.base/jdk.internal.reflect.NativeConstructorAccessorImpl.newInstance(NativeConstructorAccessorImpl.java:77)
	at java.base/jdk.internal.reflect.DelegatingConstructorAccessorImpl.newInstance(DelegatingConstructorAccessorImpl.java:45)
	at java.base/java.lang.reflect.Constructor.newInstanceWithCaller(Constructor.java:499)
	at java.base/java.lang.reflect.Constructor.newInstance(Constructor.java:480)
	at cn.edu.tsinghua.iginx.engine.physical.storage.StorageManager.initStorage(StorageManager.java:120)
	at cn.edu.tsinghua.iginx.engine.physical.storage.StorageManager.<init>(StorageManager.java:55)
	at cn.edu.tsinghua.iginx.engine.physical.storage.execute.StoragePhysicalTaskExecutor.<init>(StoragePhysicalTaskExecutor.java:73)
	at cn.edu.tsinghua.iginx.engine.physical.storage.execute.StoragePhysicalTaskExecutor.<clinit>(StoragePhysicalTaskExecutor.java:68)
	at cn.edu.tsinghua.iginx.engine.physical.PhysicalEngineImpl.<init>(PhysicalEngineImpl.java:62)
	at cn.edu.tsinghua.iginx.engine.physical.PhysicalEngineImpl.<clinit>(PhysicalEngineImpl.java:49)
	at cn.edu.tsinghua.iginx.engine.StatementExecutor.<clinit>(StatementExecutor.java:93)
	at cn.edu.tsinghua.iginx.IginxWorker.<init>(IginxWorker.java:83)
	at cn.edu.tsinghua.iginx.IginxWorker.<clinit>(IginxWorker.java:71)
	at cn.edu.tsinghua.iginx.Iginx.startServer(Iginx.java:58)
	at cn.edu.tsinghua.iginx.Iginx.main(Iginx.java:54)
2026-02-27 00:48:52,992 WARN  [main] - [org.ehcache.sizeof.ObjectGraphWalker.getAllFields:251] The JVM is preventing Ehcache from accessing the subgraph beneath 'private final java.util.Map java.util.Collections$UnmodifiableMap.m' - cache sizes may be underestimated as a result
java.lang.reflect.InaccessibleObjectException: Unable to make field private final java.util.Map java.util.Collections$UnmodifiableMap.m accessible: module java.base does not "opens java.util" to unnamed module @66d57c1b
	at java.base/java.lang.reflect.AccessibleObject.checkCanSetAccessible(AccessibleObject.java:354)
	at java.base/java.lang.reflect.AccessibleObject.checkCanSetAccessible(AccessibleObject.java:297)
	at java.base/java.lang.reflect.Field.checkCanSetAccessible(Field.java:178)
	at java.base/java.lang.reflect.Field.setAccessible(Field.java:172)
	at org.ehcache.sizeof.ObjectGraphWalker.getAllFields(ObjectGraphWalker.java:245)
	at org.ehcache.sizeof.ObjectGraphWalker.getFilteredFields(ObjectGraphWalker.java:204)
	at org.ehcache.sizeof.ObjectGraphWalker.walk(ObjectGraphWalker.java:159)
	at org.ehcache.sizeof.SizeOf.deepSizeOf(SizeOf.java:74)
	at cn.edu.tsinghua.iginx.filesystem.struct.legacy.parquet.util.CachePool$Cacheable.getWeight(CachePool.java:52)
	at cn.edu.tsinghua.iginx.filesystem.struct.legacy.parquet.util.CachePool.lambda$new$0(CachePool.java:35)
	at com.github.benmanes.caffeine.cache.BoundedWeigher.weigh(Weigher.java:93)
	at com.github.benmanes.caffeine.cache.BoundedLocalCache.lambda$doComputeIfAbsent$14(BoundedLocalCache.java:2411)
	at java.base/java.util.concurrent.ConcurrentHashMap.compute(ConcurrentHashMap.java:1916)
	at com.github.benmanes.caffeine.cache.BoundedLocalCache.doComputeIfAbsent(BoundedLocalCache.java:2404)
	at com.github.benmanes.caffeine.cache.BoundedLocalCache.computeIfAbsent(BoundedLocalCache.java:2387)
	at com.github.benmanes.caffeine.cache.LocalCache.computeIfAbsent(LocalCache.java:108)
	at cn.edu.tsinghua.iginx.filesystem.struct.legacy.parquet.manager.data.ParquetReadWriter.getParquetTableMeta(ParquetReadWriter.java:156)
	at cn.edu.tsinghua.iginx.filesystem.struct.legacy.parquet.manager.data.ParquetReadWriter.readMeta(ParquetReadWriter.java:142)
	at cn.edu.tsinghua.iginx.filesystem.struct.legacy.parquet.db.lsm.table.FileTable.getMeta(FileTable.java:47)
	at cn.edu.tsinghua.iginx.filesystem.struct.legacy.parquet.db.lsm.table.TableStorage.getMeta(TableStorage.java:123)
	at cn.edu.tsinghua.iginx.filesystem.struct.legacy.parquet.db.lsm.table.TableIndex.<init>(TableIndex.java:51)
	at cn.edu.tsinghua.iginx.filesystem.struct.legacy.parquet.db.lsm.table.TableStorage.<init>(TableStorage.java:62)
	at cn.edu.tsinghua.iginx.filesystem.struct.legacy.parquet.db.lsm.OneTierDB.<init>(OneTierDB.java:75)
	at cn.edu.tsinghua.iginx.filesystem.struct.legacy.parquet.manager.data.DataManager.<init>(DataManager.java:66)
	at cn.edu.tsinghua.iginx.filesystem.struct.legacy.parquet.LegacyParquet.lambda$newWriter$1(LegacyParquet.java:146)
	at cn.edu.tsinghua.iginx.filesystem.struct.legacy.parquet.LegacyParquetWrapper.<init>(LegacyParquetWrapper.java:80)
	at cn.edu.tsinghua.iginx.filesystem.struct.legacy.parquet.LegacyParquet.newWriter(LegacyParquet.java:146)
	at cn.edu.tsinghua.iginx.filesystem.service.storage.StorageService.createManager(StorageService.java:203)
	at cn.edu.tsinghua.iginx.filesystem.service.storage.StorageService.getOrCreateManager(StorageService.java:174)
	at cn.edu.tsinghua.iginx.filesystem.service.storage.StorageService.initManager(StorageService.java:121)
	at cn.edu.tsinghua.iginx.filesystem.service.storage.StorageService.<init>(StorageService.java:83)
	at cn.edu.tsinghua.iginx.filesystem.service.FileSystemService.<init>(FileSystemService.java:49)
	at cn.edu.tsinghua.iginx.filesystem.FileSystemStorage.<init>(FileSystemStorage.java:109)
	at java.base/jdk.internal.reflect.NativeConstructorAccessorImpl.newInstance0(Native Method)
	at java.base/jdk.internal.reflect.NativeConstructorAccessorImpl.newInstance(NativeConstructorAccessorImpl.java:77)
	at java.base/jdk.internal.reflect.DelegatingConstructorAccessorImpl.newInstance(DelegatingConstructorAccessorImpl.java:45)
	at java.base/java.lang.reflect.Constructor.newInstanceWithCaller(Constructor.java:499)
	at java.base/java.lang.reflect.Constructor.newInstance(Constructor.java:480)
	at cn.edu.tsinghua.iginx.engine.physical.storage.StorageManager.initStorage(StorageManager.java:120)
	at cn.edu.tsinghua.iginx.engine.physical.storage.StorageManager.<init>(StorageManager.java:55)
	at cn.edu.tsinghua.iginx.engine.physical.storage.execute.StoragePhysicalTaskExecutor.<init>(StoragePhysicalTaskExecutor.java:73)
	at cn.edu.tsinghua.iginx.engine.physical.storage.execute.StoragePhysicalTaskExecutor.<clinit>(StoragePhysicalTaskExecutor.java:68)
	at cn.edu.tsinghua.iginx.engine.physical.PhysicalEngineImpl.<init>(PhysicalEngineImpl.java:62)
	at cn.edu.tsinghua.iginx.engine.physical.PhysicalEngineImpl.<clinit>(PhysicalEngineImpl.java:49)
	at cn.edu.tsinghua.iginx.engine.StatementExecutor.<clinit>(StatementExecutor.java:93)
	at cn.edu.tsinghua.iginx.IginxWorker.<init>(IginxWorker.java:83)
	at cn.edu.tsinghua.iginx.IginxWorker.<clinit>(IginxWorker.java:71)
	at cn.edu.tsinghua.iginx.Iginx.startServer(Iginx.java:58)
	at cn.edu.tsinghua.iginx.Iginx.main(Iginx.java:54)
2026-02-27 00:48:52,993 WARN  [main] - [org.ehcache.sizeof.ObjectGraphWalker.getAllFields:251] The JVM is preventing Ehcache from accessing the subgraph beneath 'private transient java.util.Set java.util.Collections$UnmodifiableMap.keySet' - cache sizes may be underestimated as a result
java.lang.reflect.InaccessibleObjectException: Unable to make field private transient java.util.Set java.util.Collections$UnmodifiableMap.keySet accessible: module java.base does not "opens java.util" to unnamed module @66d57c1b
	at java.base/java.lang.reflect.AccessibleObject.checkCanSetAccessible(AccessibleObject.java:354)
	at java.base/java.lang.reflect.AccessibleObject.checkCanSetAccessible(AccessibleObject.java:297)
	at java.base/java.lang.reflect.Field.checkCanSetAccessible(Field.java:178)
	at java.base/java.lang.reflect.Field.setAccessible(Field.java:172)
	at org.ehcache.sizeof.ObjectGraphWalker.getAllFields(ObjectGraphWalker.java:245)
	at org.ehcache.sizeof.ObjectGraphWalker.getFilteredFields(ObjectGraphWalker.java:204)
	at org.ehcache.sizeof.ObjectGraphWalker.walk(ObjectGraphWalker.java:159)
	at org.ehcache.sizeof.SizeOf.deepSizeOf(SizeOf.java:74)
	at cn.edu.tsinghua.iginx.filesystem.struct.legacy.parquet.util.CachePool$Cacheable.getWeight(CachePool.java:52)
	at cn.edu.tsinghua.iginx.filesystem.struct.legacy.parquet.util.CachePool.lambda$new$0(CachePool.java:35)
	at com.github.benmanes.caffeine.cache.BoundedWeigher.weigh(Weigher.java:93)
	at com.github.benmanes.caffeine.cache.BoundedLocalCache.lambda$doComputeIfAbsent$14(BoundedLocalCache.java:2411)
	at java.base/java.util.concurrent.ConcurrentHashMap.compute(ConcurrentHashMap.java:1916)
	at com.github.benmanes.caffeine.cache.BoundedLocalCache.doComputeIfAbsent(BoundedLocalCache.java:2404)
	at com.github.benmanes.caffeine.cache.BoundedLocalCache.computeIfAbsent(BoundedLocalCache.java:2387)
	at com.github.benmanes.caffeine.cache.LocalCache.computeIfAbsent(LocalCache.java:108)
	at cn.edu.tsinghua.iginx.filesystem.struct.legacy.parquet.manager.data.ParquetReadWriter.getParquetTableMeta(ParquetReadWriter.java:156)
	at cn.edu.tsinghua.iginx.filesystem.struct.legacy.parquet.manager.data.ParquetReadWriter.readMeta(ParquetReadWriter.java:142)
	at cn.edu.tsinghua.iginx.filesystem.struct.legacy.parquet.db.lsm.table.FileTable.getMeta(FileTable.java:47)
	at cn.edu.tsinghua.iginx.filesystem.struct.legacy.parquet.db.lsm.table.TableStorage.getMeta(TableStorage.java:123)
	at cn.edu.tsinghua.iginx.filesystem.struct.legacy.parquet.db.lsm.table.TableIndex.<init>(TableIndex.java:51)
	at cn.edu.tsinghua.iginx.filesystem.struct.legacy.parquet.db.lsm.table.TableStorage.<init>(TableStorage.java:62)
	at cn.edu.tsinghua.iginx.filesystem.struct.legacy.parquet.db.lsm.OneTierDB.<init>(OneTierDB.java:75)
	at cn.edu.tsinghua.iginx.filesystem.struct.legacy.parquet.manager.data.DataManager.<init>(DataManager.java:66)
	at cn.edu.tsinghua.iginx.filesystem.struct.legacy.parquet.LegacyParquet.lambda$newWriter$1(LegacyParquet.java:146)
	at cn.edu.tsinghua.iginx.filesystem.struct.legacy.parquet.LegacyParquetWrapper.<init>(LegacyParquetWrapper.java:80)
	at cn.edu.tsinghua.iginx.filesystem.struct.legacy.parquet.LegacyParquet.newWriter(LegacyParquet.java:146)
	at cn.edu.tsinghua.iginx.filesystem.service.storage.StorageService.createManager(StorageService.java:203)
	at cn.edu.tsinghua.iginx.filesystem.service.storage.StorageService.getOrCreateManager(StorageService.java:174)
	at cn.edu.tsinghua.iginx.filesystem.service.storage.StorageService.initManager(StorageService.java:121)
	at cn.edu.tsinghua.iginx.filesystem.service.storage.StorageService.<init>(StorageService.java:83)
	at cn.edu.tsinghua.iginx.filesystem.service.FileSystemService.<init>(FileSystemService.java:49)
	at cn.edu.tsinghua.iginx.filesystem.FileSystemStorage.<init>(FileSystemStorage.java:109)
	at java.base/jdk.internal.reflect.NativeConstructorAccessorImpl.newInstance0(Native Method)
	at java.base/jdk.internal.reflect.NativeConstructorAccessorImpl.newInstance(NativeConstructorAccessorImpl.java:77)
	at java.base/jdk.internal.reflect.DelegatingConstructorAccessorImpl.newInstance(DelegatingConstructorAccessorImpl.java:45)
	at java.base/java.lang.reflect.Constructor.newInstanceWithCaller(Constructor.java:499)
	at java.base/java.lang.reflect.Constructor.newInstance(Constructor.java:480)
	at cn.edu.tsinghua.iginx.engine.physical.storage.StorageManager.initStorage(StorageManager.java:120)
	at cn.edu.tsinghua.iginx.engine.physical.storage.StorageManager.<init>(StorageManager.java:55)
	at cn.edu.tsinghua.iginx.engine.physical.storage.execute.StoragePhysicalTaskExecutor.<init>(StoragePhysicalTaskExecutor.java:73)
	at cn.edu.tsinghua.iginx.engine.physical.storage.execute.StoragePhysicalTaskExecutor.<clinit>(StoragePhysicalTaskExecutor.java:68)
	at cn.edu.tsinghua.iginx.engine.physical.PhysicalEngineImpl.<init>(PhysicalEngineImpl.java:62)
	at cn.edu.tsinghua.iginx.engine.physical.PhysicalEngineImpl.<clinit>(PhysicalEngineImpl.java:49)
	at cn.edu.tsinghua.iginx.engine.StatementExecutor.<clinit>(StatementExecutor.java:93)
	at cn.edu.tsinghua.iginx.IginxWorker.<init>(IginxWorker.java:83)
	at cn.edu.tsinghua.iginx.IginxWorker.<clinit>(IginxWorker.java:71)
	at cn.edu.tsinghua.iginx.Iginx.startServer(Iginx.java:58)
	at cn.edu.tsinghua.iginx.Iginx.main(Iginx.java:54)
2026-02-27 00:48:52,995 WARN  [main] - [org.ehcache.sizeof.ObjectGraphWalker.getAllFields:251] The JVM is preventing Ehcache from accessing the subgraph beneath 'private transient java.util.Set java.util.Collections$UnmodifiableMap.entrySet' - cache sizes may be underestimated as a result
java.lang.reflect.InaccessibleObjectException: Unable to make field private transient java.util.Set java.util.Collections$UnmodifiableMap.entrySet accessible: module java.base does not "opens java.util" to unnamed module @66d57c1b
	at java.base/java.lang.reflect.AccessibleObject.checkCanSetAccessible(AccessibleObject.java:354)
	at java.base/java.lang.reflect.AccessibleObject.checkCanSetAccessible(AccessibleObject.java:297)
	at java.base/java.lang.reflect.Field.checkCanSetAccessible(Field.java:178)
	at java.base/java.lang.reflect.Field.setAccessible(Field.java:172)
	at org.ehcache.sizeof.ObjectGraphWalker.getAllFields(ObjectGraphWalker.java:245)
	at org.ehcache.sizeof.ObjectGraphWalker.getFilteredFields(ObjectGraphWalker.java:204)
	at org.ehcache.sizeof.ObjectGraphWalker.walk(ObjectGraphWalker.java:159)
	at org.ehcache.sizeof.SizeOf.deepSizeOf(SizeOf.java:74)
	at cn.edu.tsinghua.iginx.filesystem.struct.legacy.parquet.util.CachePool$Cacheable.getWeight(CachePool.java:52)
	at cn.edu.tsinghua.iginx.filesystem.struct.legacy.parquet.util.CachePool.lambda$new$0(CachePool.java:35)
	at com.github.benmanes.caffeine.cache.BoundedWeigher.weigh(Weigher.java:93)
	at com.github.benmanes.caffeine.cache.BoundedLocalCache.lambda$doComputeIfAbsent$14(BoundedLocalCache.java:2411)
	at java.base/java.util.concurrent.ConcurrentHashMap.compute(ConcurrentHashMap.java:1916)
	at com.github.benmanes.caffeine.cache.BoundedLocalCache.doComputeIfAbsent(BoundedLocalCache.java:2404)
	at com.github.benmanes.caffeine.cache.BoundedLocalCache.computeIfAbsent(BoundedLocalCache.java:2387)
	at com.github.benmanes.caffeine.cache.LocalCache.computeIfAbsent(LocalCache.java:108)
	at cn.edu.tsinghua.iginx.filesystem.struct.legacy.parquet.manager.data.ParquetReadWriter.getParquetTableMeta(ParquetReadWriter.java:156)
	at cn.edu.tsinghua.iginx.filesystem.struct.legacy.parquet.manager.data.ParquetReadWriter.readMeta(ParquetReadWriter.java:142)
	at cn.edu.tsinghua.iginx.filesystem.struct.legacy.parquet.db.lsm.table.FileTable.getMeta(FileTable.java:47)
	at cn.edu.tsinghua.iginx.filesystem.struct.legacy.parquet.db.lsm.table.TableStorage.getMeta(TableStorage.java:123)
	at cn.edu.tsinghua.iginx.filesystem.struct.legacy.parquet.db.lsm.table.TableIndex.<init>(TableIndex.java:51)
	at cn.edu.tsinghua.iginx.filesystem.struct.legacy.parquet.db.lsm.table.TableStorage.<init>(TableStorage.java:62)
	at cn.edu.tsinghua.iginx.filesystem.struct.legacy.parquet.db.lsm.OneTierDB.<init>(OneTierDB.java:75)
	at cn.edu.tsinghua.iginx.filesystem.struct.legacy.parquet.manager.data.DataManager.<init>(DataManager.java:66)
	at cn.edu.tsinghua.iginx.filesystem.struct.legacy.parquet.LegacyParquet.lambda$newWriter$1(LegacyParquet.java:146)
	at cn.edu.tsinghua.iginx.filesystem.struct.legacy.parquet.LegacyParquetWrapper.<init>(LegacyParquetWrapper.java:80)
	at cn.edu.tsinghua.iginx.filesystem.struct.legacy.parquet.LegacyParquet.newWriter(LegacyParquet.java:146)
	at cn.edu.tsinghua.iginx.filesystem.service.storage.StorageService.createManager(StorageService.java:203)
	at cn.edu.tsinghua.iginx.filesystem.service.storage.StorageService.getOrCreateManager(StorageService.java:174)
	at cn.edu.tsinghua.iginx.filesystem.service.storage.StorageService.initManager(StorageService.java:121)
	at cn.edu.tsinghua.iginx.filesystem.service.storage.StorageService.<init>(StorageService.java:83)
	at cn.edu.tsinghua.iginx.filesystem.service.FileSystemService.<init>(FileSystemService.java:49)
	at cn.edu.tsinghua.iginx.filesystem.FileSystemStorage.<init>(FileSystemStorage.java:109)
	at java.base/jdk.internal.reflect.NativeConstructorAccessorImpl.newInstance0(Native Method)
	at java.base/jdk.internal.reflect.NativeConstructorAccessorImpl.newInstance(NativeConstructorAccessorImpl.java:77)
	at java.base/jdk.internal.reflect.DelegatingConstructorAccessorImpl.newInstance(DelegatingConstructorAccessorImpl.java:45)
	at java.base/java.lang.reflect.Constructor.newInstanceWithCaller(Constructor.java:499)
	at java.base/java.lang.reflect.Constructor.newInstance(Constructor.java:480)
	at cn.edu.tsinghua.iginx.engine.physical.storage.StorageManager.initStorage(StorageManager.java:120)
	at cn.edu.tsinghua.iginx.engine.physical.storage.StorageManager.<init>(StorageManager.java:55)
	at cn.edu.tsinghua.iginx.engine.physical.storage.execute.StoragePhysicalTaskExecutor.<init>(StoragePhysicalTaskExecutor.java:73)
	at cn.edu.tsinghua.iginx.engine.physical.storage.execute.StoragePhysicalTaskExecutor.<clinit>(StoragePhysicalTaskExecutor.java:68)
	at cn.edu.tsinghua.iginx.engine.physical.PhysicalEngineImpl.<init>(PhysicalEngineImpl.java:62)
	at cn.edu.tsinghua.iginx.engine.physical.PhysicalEngineImpl.<clinit>(PhysicalEngineImpl.java:49)
	at cn.edu.tsinghua.iginx.engine.StatementExecutor.<clinit>(StatementExecutor.java:93)
	at cn.edu.tsinghua.iginx.IginxWorker.<init>(IginxWorker.java:83)
	at cn.edu.tsinghua.iginx.IginxWorker.<clinit>(IginxWorker.java:71)
	at cn.edu.tsinghua.iginx.Iginx.startServer(Iginx.java:58)
	at cn.edu.tsinghua.iginx.Iginx.main(Iginx.java:54)
2026-02-27 00:48:52,996 WARN  [main] - [org.ehcache.sizeof.ObjectGraphWalker.getAllFields:251] The JVM is preventing Ehcache from accessing the subgraph beneath 'private transient java.util.Collection java.util.Collections$UnmodifiableMap.values' - cache sizes may be underestimated as a result
java.lang.reflect.InaccessibleObjectException: Unable to make field private transient java.util.Collection java.util.Collections$UnmodifiableMap.values accessible: module java.base does not "opens java.util" to unnamed module @66d57c1b
	at java.base/java.lang.reflect.AccessibleObject.checkCanSetAccessible(AccessibleObject.java:354)
	at java.base/java.lang.reflect.AccessibleObject.checkCanSetAccessible(AccessibleObject.java:297)
	at java.base/java.lang.reflect.Field.checkCanSetAccessible(Field.java:178)
	at java.base/java.lang.reflect.Field.setAccessible(Field.java:172)
	at org.ehcache.sizeof.ObjectGraphWalker.getAllFields(ObjectGraphWalker.java:245)
	at org.ehcache.sizeof.ObjectGraphWalker.getFilteredFields(ObjectGraphWalker.java:204)
	at org.ehcache.sizeof.ObjectGraphWalker.walk(ObjectGraphWalker.java:159)
	at org.ehcache.sizeof.SizeOf.deepSizeOf(SizeOf.java:74)
	at cn.edu.tsinghua.iginx.filesystem.struct.legacy.parquet.util.CachePool$Cacheable.getWeight(CachePool.java:52)
	at cn.edu.tsinghua.iginx.filesystem.struct.legacy.parquet.util.CachePool.lambda$new$0(CachePool.java:35)
	at com.github.benmanes.caffeine.cache.BoundedWeigher.weigh(Weigher.java:93)
	at com.github.benmanes.caffeine.cache.BoundedLocalCache.lambda$doComputeIfAbsent$14(BoundedLocalCache.java:2411)
	at java.base/java.util.concurrent.ConcurrentHashMap.compute(ConcurrentHashMap.java:1916)
	at com.github.benmanes.caffeine.cache.BoundedLocalCache.doComputeIfAbsent(BoundedLocalCache.java:2404)
	at com.github.benmanes.caffeine.cache.BoundedLocalCache.computeIfAbsent(BoundedLocalCache.java:2387)
	at com.github.benmanes.caffeine.cache.LocalCache.computeIfAbsent(LocalCache.java:108)
	at cn.edu.tsinghua.iginx.filesystem.struct.legacy.parquet.manager.data.ParquetReadWriter.getParquetTableMeta(ParquetReadWriter.java:156)
	at cn.edu.tsinghua.iginx.filesystem.struct.legacy.parquet.manager.data.ParquetReadWriter.readMeta(ParquetReadWriter.java:142)
	at cn.edu.tsinghua.iginx.filesystem.struct.legacy.parquet.db.lsm.table.FileTable.getMeta(FileTable.java:47)
	at cn.edu.tsinghua.iginx.filesystem.struct.legacy.parquet.db.lsm.table.TableStorage.getMeta(TableStorage.java:123)
	at cn.edu.tsinghua.iginx.filesystem.struct.legacy.parquet.db.lsm.table.TableIndex.<init>(TableIndex.java:51)
	at cn.edu.tsinghua.iginx.filesystem.struct.legacy.parquet.db.lsm.table.TableStorage.<init>(TableStorage.java:62)
	at cn.edu.tsinghua.iginx.filesystem.struct.legacy.parquet.db.lsm.OneTierDB.<init>(OneTierDB.java:75)
	at cn.edu.tsinghua.iginx.filesystem.struct.legacy.parquet.manager.data.DataManager.<init>(DataManager.java:66)
	at cn.edu.tsinghua.iginx.filesystem.struct.legacy.parquet.LegacyParquet.lambda$newWriter$1(LegacyParquet.java:146)
	at cn.edu.tsinghua.iginx.filesystem.struct.legacy.parquet.LegacyParquetWrapper.<init>(LegacyParquetWrapper.java:80)
	at cn.edu.tsinghua.iginx.filesystem.struct.legacy.parquet.LegacyParquet.newWriter(LegacyParquet.java:146)
	at cn.edu.tsinghua.iginx.filesystem.service.storage.StorageService.createManager(StorageService.java:203)
	at cn.edu.tsinghua.iginx.filesystem.service.storage.StorageService.getOrCreateManager(StorageService.java:174)
	at cn.edu.tsinghua.iginx.filesystem.service.storage.StorageService.initManager(StorageService.java:121)
	at cn.edu.tsinghua.iginx.filesystem.service.storage.StorageService.<init>(StorageService.java:83)
	at cn.edu.tsinghua.iginx.filesystem.service.FileSystemService.<init>(FileSystemService.java:49)
	at cn.edu.tsinghua.iginx.filesystem.FileSystemStorage.<init>(FileSystemStorage.java:109)
	at java.base/jdk.internal.reflect.NativeConstructorAccessorImpl.newInstance0(Native Method)
	at java.base/jdk.internal.reflect.NativeConstructorAccessorImpl.newInstance(NativeConstructorAccessorImpl.java:77)
	at java.base/jdk.internal.reflect.DelegatingConstructorAccessorImpl.newInstance(DelegatingConstructorAccessorImpl.java:45)
	at java.base/java.lang.reflect.Constructor.newInstanceWithCaller(Constructor.java:499)
	at java.base/java.lang.reflect.Constructor.newInstance(Constructor.java:480)
	at cn.edu.tsinghua.iginx.engine.physical.storage.StorageManager.initStorage(StorageManager.java:120)
	at cn.edu.tsinghua.iginx.engine.physical.storage.StorageManager.<init>(StorageManager.java:55)
	at cn.edu.tsinghua.iginx.engine.physical.storage.execute.StoragePhysicalTaskExecutor.<init>(StoragePhysicalTaskExecutor.java:73)
	at cn.edu.tsinghua.iginx.engine.physical.storage.execute.StoragePhysicalTaskExecutor.<clinit>(StoragePhysicalTaskExecutor.java:68)
	at cn.edu.tsinghua.iginx.engine.physical.PhysicalEngineImpl.<init>(PhysicalEngineImpl.java:62)
	at cn.edu.tsinghua.iginx.engine.physical.PhysicalEngineImpl.<clinit>(PhysicalEngineImpl.java:49)
	at cn.edu.tsinghua.iginx.engine.StatementExecutor.<clinit>(StatementExecutor.java:93)
	at cn.edu.tsinghua.iginx.IginxWorker.<init>(IginxWorker.java:83)
	at cn.edu.tsinghua.iginx.IginxWorker.<clinit>(IginxWorker.java:71)
	at cn.edu.tsinghua.iginx.Iginx.startServer(Iginx.java:58)
	at cn.edu.tsinghua.iginx.Iginx.main(Iginx.java:54)
2026-02-27 00:48:52,998 WARN  [main] - [org.ehcache.sizeof.ObjectGraphWalker.getAllFields:251] The JVM is preventing Ehcache from accessing the subgraph beneath 'transient java.util.HashMap$Node[] java.util.HashMap.table' - cache sizes may be underestimated as a result
java.lang.reflect.InaccessibleObjectException: Unable to make field transient java.util.HashMap$Node[] java.util.HashMap.table accessible: module java.base does not "opens java.util" to unnamed module @66d57c1b
	at java.base/java.lang.reflect.AccessibleObject.checkCanSetAccessible(AccessibleObject.java:354)
	at java.base/java.lang.reflect.AccessibleObject.checkCanSetAccessible(AccessibleObject.java:297)
	at java.base/java.lang.reflect.Field.checkCanSetAccessible(Field.java:178)
	at java.base/java.lang.reflect.Field.setAccessible(Field.java:172)
	at org.ehcache.sizeof.ObjectGraphWalker.getAllFields(ObjectGraphWalker.java:245)
	at org.ehcache.sizeof.ObjectGraphWalker.getFilteredFields(ObjectGraphWalker.java:204)
	at org.ehcache.sizeof.ObjectGraphWalker.walk(ObjectGraphWalker.java:159)
	at org.ehcache.sizeof.SizeOf.deepSizeOf(SizeOf.java:74)
	at cn.edu.tsinghua.iginx.filesystem.struct.legacy.parquet.util.CachePool$Cacheable.getWeight(CachePool.java:52)
	at cn.edu.tsinghua.iginx.filesystem.struct.legacy.parquet.util.CachePool.lambda$new$0(CachePool.java:35)
	at com.github.benmanes.caffeine.cache.BoundedWeigher.weigh(Weigher.java:93)
	at com.github.benmanes.caffeine.cache.BoundedLocalCache.lambda$doComputeIfAbsent$14(BoundedLocalCache.java:2411)
	at java.base/java.util.concurrent.ConcurrentHashMap.compute(ConcurrentHashMap.java:1916)
	at com.github.benmanes.caffeine.cache.BoundedLocalCache.doComputeIfAbsent(BoundedLocalCache.java:2404)
	at com.github.benmanes.caffeine.cache.BoundedLocalCache.computeIfAbsent(BoundedLocalCache.java:2387)
	at com.github.benmanes.caffeine.cache.LocalCache.computeIfAbsent(LocalCache.java:108)
	at cn.edu.tsinghua.iginx.filesystem.struct.legacy.parquet.manager.data.ParquetReadWriter.getParquetTableMeta(ParquetReadWriter.java:156)
	at cn.edu.tsinghua.iginx.filesystem.struct.legacy.parquet.manager.data.ParquetReadWriter.readMeta(ParquetReadWriter.java:142)
	at cn.edu.tsinghua.iginx.filesystem.struct.legacy.parquet.db.lsm.table.FileTable.getMeta(FileTable.java:47)
	at cn.edu.tsinghua.iginx.filesystem.struct.legacy.parquet.db.lsm.table.TableStorage.getMeta(TableStorage.java:123)
	at cn.edu.tsinghua.iginx.filesystem.struct.legacy.parquet.db.lsm.table.TableIndex.<init>(TableIndex.java:51)
	at cn.edu.tsinghua.iginx.filesystem.struct.legacy.parquet.db.lsm.table.TableStorage.<init>(TableStorage.java:62)
	at cn.edu.tsinghua.iginx.filesystem.struct.legacy.parquet.db.lsm.OneTierDB.<init>(OneTierDB.java:75)
	at cn.edu.tsinghua.iginx.filesystem.struct.legacy.parquet.manager.data.DataManager.<init>(DataManager.java:66)
	at cn.edu.tsinghua.iginx.filesystem.struct.legacy.parquet.LegacyParquet.lambda$newWriter$1(LegacyParquet.java:146)
	at cn.edu.tsinghua.iginx.filesystem.struct.legacy.parquet.LegacyParquetWrapper.<init>(LegacyParquetWrapper.java:80)
	at cn.edu.tsinghua.iginx.filesystem.struct.legacy.parquet.LegacyParquet.newWriter(LegacyParquet.java:146)
	at cn.edu.tsinghua.iginx.filesystem.service.storage.StorageService.createManager(StorageService.java:203)
	at cn.edu.tsinghua.iginx.filesystem.service.storage.StorageService.getOrCreateManager(StorageService.java:174)
	at cn.edu.tsinghua.iginx.filesystem.service.storage.StorageService.initManager(StorageService.java:121)
	at cn.edu.tsinghua.iginx.filesystem.service.storage.StorageService.<init>(StorageService.java:83)
	at cn.edu.tsinghua.iginx.filesystem.service.FileSystemService.<init>(FileSystemService.java:49)
	at cn.edu.tsinghua.iginx.filesystem.FileSystemStorage.<init>(FileSystemStorage.java:109)
	at java.base/jdk.internal.reflect.NativeConstructorAccessorImpl.newInstance0(Native Method)
	at java.base/jdk.internal.reflect.NativeConstructorAccessorImpl.newInstance(NativeConstructorAccessorImpl.java:77)
	at java.base/jdk.internal.reflect.DelegatingConstructorAccessorImpl.newInstance(DelegatingConstructorAccessorImpl.java:45)
	at java.base/java.lang.reflect.Constructor.newInstanceWithCaller(Constructor.java:499)
	at java.base/java.lang.reflect.Constructor.newInstance(Constructor.java:480)
	at cn.edu.tsinghua.iginx.engine.physical.storage.StorageManager.initStorage(StorageManager.java:120)
	at cn.edu.tsinghua.iginx.engine.physical.storage.StorageManager.<init>(StorageManager.java:55)
	at cn.edu.tsinghua.iginx.engine.physical.storage.execute.StoragePhysicalTaskExecutor.<init>(StoragePhysicalTaskExecutor.java:73)
	at cn.edu.tsinghua.iginx.engine.physical.storage.execute.StoragePhysicalTaskExecutor.<clinit>(StoragePhysicalTaskExecutor.java:68)
	at cn.edu.tsinghua.iginx.engine.physical.PhysicalEngineImpl.<init>(PhysicalEngineImpl.java:62)
	at cn.edu.tsinghua.iginx.engine.physical.PhysicalEngineImpl.<clinit>(PhysicalEngineImpl.java:49)
	at cn.edu.tsinghua.iginx.engine.StatementExecutor.<clinit>(StatementExecutor.java:93)
	at cn.edu.tsinghua.iginx.IginxWorker.<init>(IginxWorker.java:83)
	at cn.edu.tsinghua.iginx.IginxWorker.<clinit>(IginxWorker.java:71)
	at cn.edu.tsinghua.iginx.Iginx.startServer(Iginx.java:58)
	at cn.edu.tsinghua.iginx.Iginx.main(Iginx.java:54)
2026-02-27 00:48:52,998 WARN  [main] - [org.ehcache.sizeof.ObjectGraphWalker.getAllFields:251] The JVM is preventing Ehcache from accessing the subgraph beneath 'transient java.util.Set java.util.HashMap.entrySet' - cache sizes may be underestimated as a result
java.lang.reflect.InaccessibleObjectException: Unable to make field transient java.util.Set java.util.HashMap.entrySet accessible: module java.base does not "opens java.util" to unnamed module @66d57c1b
	at java.base/java.lang.reflect.AccessibleObject.checkCanSetAccessible(AccessibleObject.java:354)
	at java.base/java.lang.reflect.AccessibleObject.checkCanSetAccessible(AccessibleObject.java:297)
	at java.base/java.lang.reflect.Field.checkCanSetAccessible(Field.java:178)
	at java.base/java.lang.reflect.Field.setAccessible(Field.java:172)
	at org.ehcache.sizeof.ObjectGraphWalker.getAllFields(ObjectGraphWalker.java:245)
	at org.ehcache.sizeof.ObjectGraphWalker.getFilteredFields(ObjectGraphWalker.java:204)
	at org.ehcache.sizeof.ObjectGraphWalker.walk(ObjectGraphWalker.java:159)
	at org.ehcache.sizeof.SizeOf.deepSizeOf(SizeOf.java:74)
	at cn.edu.tsinghua.iginx.filesystem.struct.legacy.parquet.util.CachePool$Cacheable.getWeight(CachePool.java:52)
	at cn.edu.tsinghua.iginx.filesystem.struct.legacy.parquet.util.CachePool.lambda$new$0(CachePool.java:35)
	at com.github.benmanes.caffeine.cache.BoundedWeigher.weigh(Weigher.java:93)
	at com.github.benmanes.caffeine.cache.BoundedLocalCache.lambda$doComputeIfAbsent$14(BoundedLocalCache.java:2411)
	at java.base/java.util.concurrent.ConcurrentHashMap.compute(ConcurrentHashMap.java:1916)
	at com.github.benmanes.caffeine.cache.BoundedLocalCache.doComputeIfAbsent(BoundedLocalCache.java:2404)
	at com.github.benmanes.caffeine.cache.BoundedLocalCache.computeIfAbsent(BoundedLocalCache.java:2387)
	at com.github.benmanes.caffeine.cache.LocalCache.computeIfAbsent(LocalCache.java:108)
	at cn.edu.tsinghua.iginx.filesystem.struct.legacy.parquet.manager.data.ParquetReadWriter.getParquetTableMeta(ParquetReadWriter.java:156)
	at cn.edu.tsinghua.iginx.filesystem.struct.legacy.parquet.manager.data.ParquetReadWriter.readMeta(ParquetReadWriter.java:142)
	at cn.edu.tsinghua.iginx.filesystem.struct.legacy.parquet.db.lsm.table.FileTable.getMeta(FileTable.java:47)
	at cn.edu.tsinghua.iginx.filesystem.struct.legacy.parquet.db.lsm.table.TableStorage.getMeta(TableStorage.java:123)
	at cn.edu.tsinghua.iginx.filesystem.struct.legacy.parquet.db.lsm.table.TableIndex.<init>(TableIndex.java:51)
	at cn.edu.tsinghua.iginx.filesystem.struct.legacy.parquet.db.lsm.table.TableStorage.<init>(TableStorage.java:62)
	at cn.edu.tsinghua.iginx.filesystem.struct.legacy.parquet.db.lsm.OneTierDB.<init>(OneTierDB.java:75)
	at cn.edu.tsinghua.iginx.filesystem.struct.legacy.parquet.manager.data.DataManager.<init>(DataManager.java:66)
	at cn.edu.tsinghua.iginx.filesystem.struct.legacy.parquet.LegacyParquet.lambda$newWriter$1(LegacyParquet.java:146)
	at cn.edu.tsinghua.iginx.filesystem.struct.legacy.parquet.LegacyParquetWrapper.<init>(LegacyParquetWrapper.java:80)
	at cn.edu.tsinghua.iginx.filesystem.struct.legacy.parquet.LegacyParquet.newWriter(LegacyParquet.java:146)
	at cn.edu.tsinghua.iginx.filesystem.service.storage.StorageService.createManager(StorageService.java:203)
	at cn.edu.tsinghua.iginx.filesystem.service.storage.StorageService.getOrCreateManager(StorageService.java:174)
	at cn.edu.tsinghua.iginx.filesystem.service.storage.StorageService.initManager(StorageService.java:121)
	at cn.edu.tsinghua.iginx.filesystem.service.storage.StorageService.<init>(StorageService.java:83)
	at cn.edu.tsinghua.iginx.filesystem.service.FileSystemService.<init>(FileSystemService.java:49)
	at cn.edu.tsinghua.iginx.filesystem.FileSystemStorage.<init>(FileSystemStorage.java:109)
	at java.base/jdk.internal.reflect.NativeConstructorAccessorImpl.newInstance0(Native Method)
	at java.base/jdk.internal.reflect.NativeConstructorAccessorImpl.newInstance(NativeConstructorAccessorImpl.java:77)
	at java.base/jdk.internal.reflect.DelegatingConstructorAccessorImpl.newInstance(DelegatingConstructorAccessorImpl.java:45)
	at java.base/java.lang.reflect.Constructor.newInstanceWithCaller(Constructor.java:499)
	at java.base/java.lang.reflect.Constructor.newInstance(Constructor.java:480)
	at cn.edu.tsinghua.iginx.engine.physical.storage.StorageManager.initStorage(StorageManager.java:120)
	at cn.edu.tsinghua.iginx.engine.physical.storage.StorageManager.<init>(StorageManager.java:55)
	at cn.edu.tsinghua.iginx.engine.physical.storage.execute.StoragePhysicalTaskExecutor.<init>(StoragePhysicalTaskExecutor.java:73)
	at cn.edu.tsinghua.iginx.engine.physical.storage.execute.StoragePhysicalTaskExecutor.<clinit>(StoragePhysicalTaskExecutor.java:68)
	at cn.edu.tsinghua.iginx.engine.physical.PhysicalEngineImpl.<init>(PhysicalEngineImpl.java:62)
	at cn.edu.tsinghua.iginx.engine.physical.PhysicalEngineImpl.<clinit>(PhysicalEngineImpl.java:49)
	at cn.edu.tsinghua.iginx.engine.StatementExecutor.<clinit>(StatementExecutor.java:93)
	at cn.edu.tsinghua.iginx.IginxWorker.<init>(IginxWorker.java:83)
	at cn.edu.tsinghua.iginx.IginxWorker.<clinit>(IginxWorker.java:71)
	at cn.edu.tsinghua.iginx.Iginx.startServer(Iginx.java:58)
	at cn.edu.tsinghua.iginx.Iginx.main(Iginx.java:54)
2026-02-27 00:48:52,999 WARN  [main] - [org.ehcache.sizeof.ObjectGraphWalker.getAllFields:251] The JVM is preventing Ehcache from accessing the subgraph beneath 'transient java.util.Set java.util.AbstractMap.keySet' - cache sizes may be underestimated as a result
java.lang.reflect.InaccessibleObjectException: Unable to make field transient java.util.Set java.util.AbstractMap.keySet accessible: module java.base does not "opens java.util" to unnamed module @66d57c1b
	at java.base/java.lang.reflect.AccessibleObject.checkCanSetAccessible(AccessibleObject.java:354)
	at java.base/java.lang.reflect.AccessibleObject.checkCanSetAccessible(AccessibleObject.java:297)
	at java.base/java.lang.reflect.Field.checkCanSetAccessible(Field.java:178)
	at java.base/java.lang.reflect.Field.setAccessible(Field.java:172)
	at org.ehcache.sizeof.ObjectGraphWalker.getAllFields(ObjectGraphWalker.java:245)
	at org.ehcache.sizeof.ObjectGraphWalker.getFilteredFields(ObjectGraphWalker.java:204)
	at org.ehcache.sizeof.ObjectGraphWalker.walk(ObjectGraphWalker.java:159)
	at org.ehcache.sizeof.SizeOf.deepSizeOf(SizeOf.java:74)
	at cn.edu.tsinghua.iginx.filesystem.struct.legacy.parquet.util.CachePool$Cacheable.getWeight(CachePool.java:52)
	at cn.edu.tsinghua.iginx.filesystem.struct.legacy.parquet.util.CachePool.lambda$new$0(CachePool.java:35)
	at com.github.benmanes.caffeine.cache.BoundedWeigher.weigh(Weigher.java:93)
	at com.github.benmanes.caffeine.cache.BoundedLocalCache.lambda$doComputeIfAbsent$14(BoundedLocalCache.java:2411)
	at java.base/java.util.concurrent.ConcurrentHashMap.compute(ConcurrentHashMap.java:1916)
	at com.github.benmanes.caffeine.cache.BoundedLocalCache.doComputeIfAbsent(BoundedLocalCache.java:2404)
	at com.github.benmanes.caffeine.cache.BoundedLocalCache.computeIfAbsent(BoundedLocalCache.java:2387)
	at com.github.benmanes.caffeine.cache.LocalCache.computeIfAbsent(LocalCache.java:108)
	at cn.edu.tsinghua.iginx.filesystem.struct.legacy.parquet.manager.data.ParquetReadWriter.getParquetTableMeta(ParquetReadWriter.java:156)
	at cn.edu.tsinghua.iginx.filesystem.struct.legacy.parquet.manager.data.ParquetReadWriter.readMeta(ParquetReadWriter.java:142)
	at cn.edu.tsinghua.iginx.filesystem.struct.legacy.parquet.db.lsm.table.FileTable.getMeta(FileTable.java:47)
	at cn.edu.tsinghua.iginx.filesystem.struct.legacy.parquet.db.lsm.table.TableStorage.getMeta(TableStorage.java:123)
	at cn.edu.tsinghua.iginx.filesystem.struct.legacy.parquet.db.lsm.table.TableIndex.<init>(TableIndex.java:51)
	at cn.edu.tsinghua.iginx.filesystem.struct.legacy.parquet.db.lsm.table.TableStorage.<init>(TableStorage.java:62)
	at cn.edu.tsinghua.iginx.filesystem.struct.legacy.parquet.db.lsm.OneTierDB.<init>(OneTierDB.java:75)
	at cn.edu.tsinghua.iginx.filesystem.struct.legacy.parquet.manager.data.DataManager.<init>(DataManager.java:66)
	at cn.edu.tsinghua.iginx.filesystem.struct.legacy.parquet.LegacyParquet.lambda$newWriter$1(LegacyParquet.java:146)
	at cn.edu.tsinghua.iginx.filesystem.struct.legacy.parquet.LegacyParquetWrapper.<init>(LegacyParquetWrapper.java:80)
	at cn.edu.tsinghua.iginx.filesystem.struct.legacy.parquet.LegacyParquet.newWriter(LegacyParquet.java:146)
	at cn.edu.tsinghua.iginx.filesystem.service.storage.StorageService.createManager(StorageService.java:203)
	at cn.edu.tsinghua.iginx.filesystem.service.storage.StorageService.getOrCreateManager(StorageService.java:174)
	at cn.edu.tsinghua.iginx.filesystem.service.storage.StorageService.initManager(StorageService.java:121)
	at cn.edu.tsinghua.iginx.filesystem.service.storage.StorageService.<init>(StorageService.java:83)
	at cn.edu.tsinghua.iginx.filesystem.service.FileSystemService.<init>(FileSystemService.java:49)
	at cn.edu.tsinghua.iginx.filesystem.FileSystemStorage.<init>(FileSystemStorage.java:109)
	at java.base/jdk.internal.reflect.NativeConstructorAccessorImpl.newInstance0(Native Method)
	at java.base/jdk.internal.reflect.NativeConstructorAccessorImpl.newInstance(NativeConstructorAccessorImpl.java:77)
	at java.base/jdk.internal.reflect.DelegatingConstructorAccessorImpl.newInstance(DelegatingConstructorAccessorImpl.java:45)
	at java.base/java.lang.reflect.Constructor.newInstanceWithCaller(Constructor.java:499)
	at java.base/java.lang.reflect.Constructor.newInstance(Constructor.java:480)
	at cn.edu.tsinghua.iginx.engine.physical.storage.StorageManager.initStorage(StorageManager.java:120)
	at cn.edu.tsinghua.iginx.engine.physical.storage.StorageManager.<init>(StorageManager.java:55)
	at cn.edu.tsinghua.iginx.engine.physical.storage.execute.StoragePhysicalTaskExecutor.<init>(StoragePhysicalTaskExecutor.java:73)
	at cn.edu.tsinghua.iginx.engine.physical.storage.execute.StoragePhysicalTaskExecutor.<clinit>(StoragePhysicalTaskExecutor.java:68)
	at cn.edu.tsinghua.iginx.engine.physical.PhysicalEngineImpl.<init>(PhysicalEngineImpl.java:62)
	at cn.edu.tsinghua.iginx.engine.physical.PhysicalEngineImpl.<clinit>(PhysicalEngineImpl.java:49)
	at cn.edu.tsinghua.iginx.engine.StatementExecutor.<clinit>(StatementExecutor.java:93)
	at cn.edu.tsinghua.iginx.IginxWorker.<init>(IginxWorker.java:83)
	at cn.edu.tsinghua.iginx.IginxWorker.<clinit>(IginxWorker.java:71)
	at cn.edu.tsinghua.iginx.Iginx.startServer(Iginx.java:58)
	at cn.edu.tsinghua.iginx.Iginx.main(Iginx.java:54)
2026-02-27 00:48:52,999 WARN  [main] - [org.ehcache.sizeof.ObjectGraphWalker.getAllFields:251] The JVM is preventing Ehcache from accessing the subgraph beneath 'transient java.util.Collection java.util.AbstractMap.values' - cache sizes may be underestimated as a result
java.lang.reflect.InaccessibleObjectException: Unable to make field transient java.util.Collection java.util.AbstractMap.values accessible: module java.base does not "opens java.util" to unnamed module @66d57c1b
	at java.base/java.lang.reflect.AccessibleObject.checkCanSetAccessible(AccessibleObject.java:354)
	at java.base/java.lang.reflect.AccessibleObject.checkCanSetAccessible(AccessibleObject.java:297)
	at java.base/java.lang.reflect.Field.checkCanSetAccessible(Field.java:178)
	at java.base/java.lang.reflect.Field.setAccessible(Field.java:172)
	at org.ehcache.sizeof.ObjectGraphWalker.getAllFields(ObjectGraphWalker.java:245)
	at org.ehcache.sizeof.ObjectGraphWalker.getFilteredFields(ObjectGraphWalker.java:204)
	at org.ehcache.sizeof.ObjectGraphWalker.walk(ObjectGraphWalker.java:159)
	at org.ehcache.sizeof.SizeOf.deepSizeOf(SizeOf.java:74)
	at cn.edu.tsinghua.iginx.filesystem.struct.legacy.parquet.util.CachePool$Cacheable.getWeight(CachePool.java:52)
	at cn.edu.tsinghua.iginx.filesystem.struct.legacy.parquet.util.CachePool.lambda$new$0(CachePool.java:35)
	at com.github.benmanes.caffeine.cache.BoundedWeigher.weigh(Weigher.java:93)
	at com.github.benmanes.caffeine.cache.BoundedLocalCache.lambda$doComputeIfAbsent$14(BoundedLocalCache.java:2411)
	at java.base/java.util.concurrent.ConcurrentHashMap.compute(ConcurrentHashMap.java:1916)
	at com.github.benmanes.caffeine.cache.BoundedLocalCache.doComputeIfAbsent(BoundedLocalCache.java:2404)
	at com.github.benmanes.caffeine.cache.BoundedLocalCache.computeIfAbsent(BoundedLocalCache.java:2387)
	at com.github.benmanes.caffeine.cache.LocalCache.computeIfAbsent(LocalCache.java:108)
	at cn.edu.tsinghua.iginx.filesystem.struct.legacy.parquet.manager.data.ParquetReadWriter.getParquetTableMeta(ParquetReadWriter.java:156)
	at cn.edu.tsinghua.iginx.filesystem.struct.legacy.parquet.manager.data.ParquetReadWriter.readMeta(ParquetReadWriter.java:142)
	at cn.edu.tsinghua.iginx.filesystem.struct.legacy.parquet.db.lsm.table.FileTable.getMeta(FileTable.java:47)
	at cn.edu.tsinghua.iginx.filesystem.struct.legacy.parquet.db.lsm.table.TableStorage.getMeta(TableStorage.java:123)
	at cn.edu.tsinghua.iginx.filesystem.struct.legacy.parquet.db.lsm.table.TableIndex.<init>(TableIndex.java:51)
	at cn.edu.tsinghua.iginx.filesystem.struct.legacy.parquet.db.lsm.table.TableStorage.<init>(TableStorage.java:62)
	at cn.edu.tsinghua.iginx.filesystem.struct.legacy.parquet.db.lsm.OneTierDB.<init>(OneTierDB.java:75)
	at cn.edu.tsinghua.iginx.filesystem.struct.legacy.parquet.manager.data.DataManager.<init>(DataManager.java:66)
	at cn.edu.tsinghua.iginx.filesystem.struct.legacy.parquet.LegacyParquet.lambda$newWriter$1(LegacyParquet.java:146)
	at cn.edu.tsinghua.iginx.filesystem.struct.legacy.parquet.LegacyParquetWrapper.<init>(LegacyParquetWrapper.java:80)
	at cn.edu.tsinghua.iginx.filesystem.struct.legacy.parquet.LegacyParquet.newWriter(LegacyParquet.java:146)
	at cn.edu.tsinghua.iginx.filesystem.service.storage.StorageService.createManager(StorageService.java:203)
	at cn.edu.tsinghua.iginx.filesystem.service.storage.StorageService.getOrCreateManager(StorageService.java:174)
	at cn.edu.tsinghua.iginx.filesystem.service.storage.StorageService.initManager(StorageService.java:121)
	at cn.edu.tsinghua.iginx.filesystem.service.storage.StorageService.<init>(StorageService.java:83)
	at cn.edu.tsinghua.iginx.filesystem.service.FileSystemService.<init>(FileSystemService.java:49)
	at cn.edu.tsinghua.iginx.filesystem.FileSystemStorage.<init>(FileSystemStorage.java:109)
	at java.base/jdk.internal.reflect.NativeConstructorAccessorImpl.newInstance0(Native Method)
	at java.base/jdk.internal.reflect.NativeConstructorAccessorImpl.newInstance(NativeConstructorAccessorImpl.java:77)
	at java.base/jdk.internal.reflect.DelegatingConstructorAccessorImpl.newInstance(DelegatingConstructorAccessorImpl.java:45)
	at java.base/java.lang.reflect.Constructor.newInstanceWithCaller(Constructor.java:499)
	at java.base/java.lang.reflect.Constructor.newInstance(Constructor.java:480)
	at cn.edu.tsinghua.iginx.engine.physical.storage.StorageManager.initStorage(StorageManager.java:120)
	at cn.edu.tsinghua.iginx.engine.physical.storage.StorageManager.<init>(StorageManager.java:55)
	at cn.edu.tsinghua.iginx.engine.physical.storage.execute.StoragePhysicalTaskExecutor.<init>(StoragePhysicalTaskExecutor.java:73)
	at cn.edu.tsinghua.iginx.engine.physical.storage.execute.StoragePhysicalTaskExecutor.<clinit>(StoragePhysicalTaskExecutor.java:68)
	at cn.edu.tsinghua.iginx.engine.physical.PhysicalEngineImpl.<init>(PhysicalEngineImpl.java:62)
	at cn.edu.tsinghua.iginx.engine.physical.PhysicalEngineImpl.<clinit>(PhysicalEngineImpl.java:49)
	at cn.edu.tsinghua.iginx.engine.StatementExecutor.<clinit>(StatementExecutor.java:93)
	at cn.edu.tsinghua.iginx.IginxWorker.<init>(IginxWorker.java:83)
	at cn.edu.tsinghua.iginx.IginxWorker.<clinit>(IginxWorker.java:71)
	at cn.edu.tsinghua.iginx.Iginx.startServer(Iginx.java:58)
	at cn.edu.tsinghua.iginx.Iginx.main(Iginx.java:54)
2026-02-27 00:48:53,014 INFO  [main] - [cn.edu.tsinghua.iginx.filesystem.struct.legacy.parquet.db.lsm.compact.Flusher.start:85] flusher data\iginx_unit0000000000 start to force flush every 1000 ms
2026-02-27 00:48:53,018 INFO  [main] - [cn.edu.tsinghua.iginx.filesystem.service.rpc.server.Server.<init>:46] starting thrift server at /127.0.0.1:6668
2026-02-27 00:48:53,033 INFO  [main] - [cn.edu.tsinghua.iginx.engine.logical.constraint.ConstraintCheckerManager.getChecker:43] use naive as constraint checker.
2026-02-27 00:48:53,042 INFO  [main] - [cn.edu.tsinghua.iginx.engine.logical.optimizer.LogicalOptimizerManager.getOptimizer:46] use rbo as logical optimizer.
2026-02-27 00:48:53,059 INFO  [main] - [cn.edu.tsinghua.iginx.Iginx.startServer:68] iginx starts successfully!
2026-02-27 00:50:51,407 INFO  [TThreadPoolServer WorkerProcess-0] - [cn.edu.tsinghua.iginx.auth.SessionManager.openSession:71] new session id comes: 8244836134045878031
2026-02-27 00:50:51,951 INFO  [TThreadPoolServer WorkerProcess-0] - [cn.edu.tsinghua.iginx.IginxWorker.addStorageEngineMetas:500] boundary for StorageEngineMeta {id='-1', ip='127.0.0.1', port='6667', type='iotdb12', has_data='true', read_only='false', schema_prefix='NULL', data_prefix='demo', extra_params='{has_data=true, password=root, database=root, data_prefix=demo, is_read_only=false, username=root}', : Pair{k=demo!-demo~, v=-9223372036854775807}
2026-02-27 00:50:51,980 INFO  [Curator-TreeCache-1] - [cn.edu.tsinghua.iginx.metadata.storage.zk.ZooKeeperMetaStorage.lambda$registerStorageEngineListener$2:518] storage engine meta updated /storage/node0000000001
2026-02-27 00:50:51,980 INFO  [Curator-TreeCache-1] - [cn.edu.tsinghua.iginx.metadata.storage.zk.ZooKeeperMetaStorage.lambda$registerStorageEngineListener$2:519] storage engine: 
2026-02-27 00:50:51,980 ERROR [Curator-TreeCache-1] - [cn.edu.tsinghua.iginx.metadata.storage.zk.ZooKeeperMetaStorage.lambda$registerStorageEngineListener$2:531] resolve storage engine from zookeeper error
2026-02-27 00:50:51,999 INFO  [Curator-TreeCache-1] - [cn.edu.tsinghua.iginx.metadata.storage.zk.ZooKeeperMetaStorage.lambda$registerStorageEngineListener$2:518] storage engine meta updated /storage/node0000000001
2026-02-27 00:50:51,999 INFO  [Curator-TreeCache-1] - [cn.edu.tsinghua.iginx.metadata.storage.zk.ZooKeeperMetaStorage.lambda$registerStorageEngineListener$2:519] storage engine: {"createdBy":0,"dataPrefix":"demo","dummyFragment":{"columnsInterval":{"endColumn":"demo~","startColumn":"demo!"},"createdBy":0,"dummyFragment":true,"initialFragment":true,"keyInterval":{"endKey":9223372036854775807,"span":-2,"startKey":-9223372036854775807},"masterStorageUnitId":"dummy0000000000","updatedBy":0,"valid":true},"dummyStorageUnit":{"createdBy":0,"dummy":true,"id":"dummy0000000000","ifValid":true,"initialStorageUnit":true,"master":true,"masterId":"dummy0000000000","storageEngineId":1},"extraParams":{"has_data":"true","password":"root","database":"root","data_prefix":"demo","is_read_only":"false","username":"root"},"hasData":true,"id":1,"ip":"127.0.0.1","needReAllocate":true,"port":6667,"readOnly":false,"storageEngine":"iotdb12"}
2026-02-27 00:50:52,001 INFO  [TThreadPoolServer WorkerProcess-0] - [cn.edu.tsinghua.iginx.policy.naive.NaivePolicy.lambda$getStorageEngineChangeHook$0:74] 新的可写节点进入集群，集群需要重新分片
2026-02-27 00:50:52,001 INFO  [TThreadPoolServer WorkerProcess-0] - [cn.edu.tsinghua.iginx.engine.physical.storage.execute.StoragePhysicalTaskExecutor.lambda$new$2:90] new storage unit dummy0000000001 come!
2026-02-27 00:50:52,005 INFO  [TThreadPoolServer WorkerProcess-0] - [cn.edu.tsinghua.iginx.engine.physical.storage.execute.StoragePhysicalTaskExecutor.lambda$new$2:291] process for new storage unit finished!
2026-02-27 00:50:52,006 INFO  [pool-21-thread-1] - [cn.edu.tsinghua.iginx.engine.physical.storage.execute.StoragePhysicalTaskExecutor.lambda$null$1:108] spinning for IStorage!
2026-02-27 00:50:52,012 INFO  [TThreadPoolServer WorkerProcess-0] - [cn.edu.tsinghua.iginx.engine.physical.storage.StorageManager.addStorage:211] add storage StorageEngineMeta {id='1', ip='127.0.0.1', port='6667', type='iotdb12', has_data='true', read_only='false', schema_prefix='NULL', data_prefix='demo', extra_params='{has_data=true, password=root, database=root, data_prefix=demo, is_read_only=false, username=root}',  success.
2026-02-27 00:50:52,016 INFO  [Curator-TreeCache-1] - [cn.edu.tsinghua.iginx.metadata.storage.zk.ZooKeeperMetaStorage.lambda$registerStorageEngineListener$2:522] new storage engine comes to cluster: id = 1 ,ip = 127.0.0.1 , port = 6667
2026-02-27 00:50:52,016 INFO  [Curator-TreeCache-1] - [cn.edu.tsinghua.iginx.policy.naive.NaivePolicy.lambda$getStorageEngineChangeHook$0:74] 新的可写节点进入集群，集群需要重新分片
2026-02-27 00:50:52,017 INFO  [Curator-TreeCache-1] - [cn.edu.tsinghua.iginx.engine.physical.storage.execute.StoragePhysicalTaskExecutor.lambda$new$2:90] new storage unit dummy0000000001 come!
2026-02-27 00:50:52,026 INFO  [pool-21-thread-1] - [cn.edu.tsinghua.iginx.engine.physical.storage.execute.StoragePhysicalTaskExecutor.lambda$null$1:108] spinning for IStorage!
2026-02-27 00:50:52,095 INFO  [TThreadPoolServer WorkerProcess-0] - [cn.edu.tsinghua.iginx.auth.SessionManager.closeSession:77] session id 8244836134045878031 is removed.
2026-02-27 00:52:14,232 INFO  [TThreadPoolServer WorkerProcess-1] - [cn.edu.tsinghua.iginx.auth.SessionManager.openSession:71] new session id comes: 8244841692405972911
2026-02-27 00:52:14,657 INFO  [Curator-TreeCache-12] - [cn.edu.tsinghua.iginx.metadata.storage.zk.ZooKeeperMetaStorage.lambda$registerStorageUnitListener$3:675] new storage unit comes to cluster: id = unit0000000000
2026-02-27 00:52:14,672 INFO  [Curator-TreeCache-12] - [cn.edu.tsinghua.iginx.metadata.storage.zk.ZooKeeperMetaStorage.lambda$registerStorageUnitListener$3:675] new storage unit comes to cluster: id = unit0000000001
2026-02-27 00:52:14,686 INFO  [Curator-TreeCache-12] - [cn.edu.tsinghua.iginx.metadata.storage.zk.ZooKeeperMetaStorage.lambda$registerStorageUnitListener$3:675] new storage unit comes to cluster: id = unit0000000002
2026-02-27 00:52:14,767 INFO  [TThreadPoolServer WorkerProcess-1] - [cn.edu.tsinghua.iginx.metadata.storage.zk.ZooKeeperMetaStorage.loadStorageUnit:582] load storage unit: unit0000000000
2026-02-27 00:52:14,770 INFO  [TThreadPoolServer WorkerProcess-1] - [cn.edu.tsinghua.iginx.metadata.storage.zk.ZooKeeperMetaStorage.loadStorageUnit:582] load storage unit: unit0000000001
2026-02-27 00:52:14,771 INFO  [TThreadPoolServer WorkerProcess-1] - [cn.edu.tsinghua.iginx.metadata.storage.zk.ZooKeeperMetaStorage.loadStorageUnit:582] load storage unit: unit0000000002
2026-02-27 00:52:14,774 WARN  [TThreadPoolServer WorkerProcess-1] - [cn.edu.tsinghua.iginx.metadata.DefaultMetaManager.createInitialFragmentsAndStorageUnits:1094] i have created storage unit.
2026-02-27 00:52:14,775 WARN  [TThreadPoolServer WorkerProcess-1] - [cn.edu.tsinghua.iginx.metadata.DefaultMetaManager.createInitialFragmentsAndStorageUnits:1095] notify storage unit listeners.
2026-02-27 00:52:14,775 INFO  [TThreadPoolServer WorkerProcess-1] - [cn.edu.tsinghua.iginx.engine.physical.storage.execute.StoragePhysicalTaskExecutor.lambda$new$2:90] new storage unit unit0000000000 come!
2026-02-27 00:52:14,775 INFO  [TThreadPoolServer WorkerProcess-1] - [cn.edu.tsinghua.iginx.engine.physical.storage.execute.StoragePhysicalTaskExecutor.lambda$new$2:291] process for new storage unit finished!
2026-02-27 00:52:14,776 INFO  [TThreadPoolServer WorkerProcess-1] - [cn.edu.tsinghua.iginx.engine.physical.storage.execute.StoragePhysicalTaskExecutor.lambda$new$2:90] new storage unit unit0000000001 come!
2026-02-27 00:52:14,776 INFO  [TThreadPoolServer WorkerProcess-1] - [cn.edu.tsinghua.iginx.engine.physical.storage.execute.StoragePhysicalTaskExecutor.lambda$new$2:291] process for new storage unit finished!
2026-02-27 00:52:14,776 INFO  [TThreadPoolServer WorkerProcess-1] - [cn.edu.tsinghua.iginx.engine.physical.storage.execute.StoragePhysicalTaskExecutor.lambda$new$2:90] new storage unit unit0000000002 come!
2026-02-27 00:52:14,777 INFO  [TThreadPoolServer WorkerProcess-1] - [cn.edu.tsinghua.iginx.engine.physical.storage.execute.StoragePhysicalTaskExecutor.lambda$new$2:291] process for new storage unit finished!
2026-02-27 00:52:14,777 WARN  [TThreadPoolServer WorkerProcess-1] - [cn.edu.tsinghua.iginx.metadata.DefaultMetaManager.createInitialFragmentsAndStorageUnits:1101] notify storage unit listeners finished.
2026-02-27 00:52:14,777 INFO  [Curator-TreeCache-13] - [cn.edu.tsinghua.iginx.metadata.storage.zk.ZooKeeperMetaStorage.lambda$registerStorageUnitListener$3:675] new storage unit comes to cluster: id = unit0000000000
2026-02-27 00:52:14,777 INFO  [Curator-TreeCache-13] - [cn.edu.tsinghua.iginx.metadata.storage.zk.ZooKeeperMetaStorage.lambda$registerStorageUnitListener$3:675] new storage unit comes to cluster: id = unit0000000001
2026-02-27 00:52:14,778 INFO  [Curator-TreeCache-13] - [cn.edu.tsinghua.iginx.metadata.storage.zk.ZooKeeperMetaStorage.lambda$registerStorageUnitListener$3:675] new storage unit comes to cluster: id = unit0000000002
2026-02-27 00:52:14,848 WARN  [pool-22-thread-1] - [org.apache.iotdb.tsfile.common.conf.TSFileDescriptor.loadProps:85] Failed to find config file iotdb-engine.properties at classpath, use default configuration
2026-02-27 00:52:15,185 INFO  [TThreadPoolServer WorkerProcess-1] - [cn.edu.tsinghua.iginx.auth.SessionManager.closeSession:77] session id 8244841692405972911 is removed.
2026-02-27 01:02:41,351 INFO  [TThreadPoolServer WorkerProcess-2] - [cn.edu.tsinghua.iginx.auth.SessionManager.openSession:71] new session id comes: 8244883777659689631
2026-02-27 01:02:41,363 ERROR [TThreadPoolServer WorkerProcess-2] - [cn.edu.tsinghua.iginx.IginxWorker.partialFailAndLog:556] repeatedly add storage engine StorageEngineMeta {id='-1', ip='127.0.0.1', port='6668', type='filesystem', has_data='false', read_only='false', schema_prefix='NULL', data_prefix='NULL', extra_params='{has_data=false, data_prefix=models, is_read_only=false, dir=data, iginx_port=6888}', .
2026-02-27 01:03:47,981 ERROR [pool-22-thread-2] - [cn.edu.tsinghua.iginx.engine.physical.storage.execute.StoragePhysicalTaskExecutor.lambda$null$0:257] task StoragePhysicalTask{targetFragment=FragmentMeta{keyInterval=1, columnsInterval=demo.__init__-null, createdBy=0, updatedBy=0, masterStorageUnitId='unit0000000001', dummyFragment=false}, storageUnit='unit0000000001', storage=0, Insert:{}} will not broadcasting to replicas for the sake of exception
cn.edu.tsinghua.iginx.iotdb.exception.IoTDBException: execute insert task in iotdb12 failure
	at cn.edu.tsinghua.iginx.iotdb.IoTDBStorage.executeInsert(IoTDBStorage.java:456)
	at cn.edu.tsinghua.iginx.engine.physical.storage.execute.StoragePhysicalTaskExecutor.lambda$null$0(StoragePhysicalTaskExecutor.java:217)
	at java.base/java.util.concurrent.Executors$RunnableAdapter.call(Executors.java:539)
	at java.base/java.util.concurrent.FutureTask.run(FutureTask.java:264)
	at java.base/java.util.concurrent.ThreadPoolExecutor.runWorker(ThreadPoolExecutor.java:1136)
	at java.base/java.util.concurrent.ThreadPoolExecutor$Worker.run(ThreadPoolExecutor.java:635)
	at java.base/java.lang.Thread.run(Thread.java:842)
Caused by: org.apache.iotdb.rpc.StatementExecutionException: org.apache.iotdb.db.exception.StorageEngineException: failed to insert measurements [A] caused by DataType mismatch, Insert measurement A type DOUBLE, metadata tree type INT64;
	at org.apache.iotdb.session.Session.insertByGroup(Session.java:1734)
	at org.apache.iotdb.session.Session.insertTabletsWithLeaderCache(Session.java:1302)
	at org.apache.iotdb.session.Session.insertTablets(Session.java:1281)
	at org.apache.iotdb.session.pool.SessionPool.insertTablets(SessionPool.java:478)
	at org.apache.iotdb.session.pool.SessionPool.insertTablets(SessionPool.java:465)
	at cn.edu.tsinghua.iginx.iotdb.IoTDBStorage.insertRowRecords(IoTDBStorage.java:529)
	at cn.edu.tsinghua.iginx.iotdb.IoTDBStorage.executeInsert(IoTDBStorage.java:443)
	... 6 more
2026-02-27 01:03:47,989 INFO  [TThreadPoolServer WorkerProcess-3] - [cn.edu.tsinghua.iginx.auth.SessionManager.openSession:71] new session id comes: 8244888249661235071
2026-02-27 01:03:47,996 ERROR [pool-22-thread-3] - [cn.edu.tsinghua.iginx.engine.physical.storage.execute.StoragePhysicalTaskExecutor.lambda$null$0:257] task StoragePhysicalTask{targetFragment=FragmentMeta{keyInterval=1, columnsInterval=demo.__init__-null, createdBy=0, updatedBy=0, masterStorageUnitId='unit0000000001', dummyFragment=false}, storageUnit='unit0000000001', storage=0, Insert:{}} will not broadcasting to replicas for the sake of exception
cn.edu.tsinghua.iginx.iotdb.exception.IoTDBException: execute insert task in iotdb12 failure
	at cn.edu.tsinghua.iginx.iotdb.IoTDBStorage.executeInsert(IoTDBStorage.java:456)
	at cn.edu.tsinghua.iginx.engine.physical.storage.execute.StoragePhysicalTaskExecutor.lambda$null$0(StoragePhysicalTaskExecutor.java:217)
	at java.base/java.util.concurrent.Executors$RunnableAdapter.call(Executors.java:539)
	at java.base/java.util.concurrent.FutureTask.run(FutureTask.java:264)
	at java.base/java.util.concurrent.ThreadPoolExecutor.runWorker(ThreadPoolExecutor.java:1136)
	at java.base/java.util.concurrent.ThreadPoolExecutor$Worker.run(ThreadPoolExecutor.java:635)
	at java.base/java.lang.Thread.run(Thread.java:842)
Caused by: org.apache.iotdb.rpc.StatementExecutionException: org.apache.iotdb.db.exception.StorageEngineException: failed to insert measurements [A] caused by DataType mismatch, Insert measurement A type DOUBLE, metadata tree type INT64;
	at org.apache.iotdb.session.Session.insertByGroup(Session.java:1734)
	at org.apache.iotdb.session.Session.insertTabletsWithLeaderCache(Session.java:1302)
	at org.apache.iotdb.session.Session.insertTablets(Session.java:1281)
	at org.apache.iotdb.session.pool.SessionPool.insertTablets(SessionPool.java:478)
	at org.apache.iotdb.session.pool.SessionPool.insertTablets(SessionPool.java:465)
	at cn.edu.tsinghua.iginx.iotdb.IoTDBStorage.insertRowRecords(IoTDBStorage.java:529)
	at cn.edu.tsinghua.iginx.iotdb.IoTDBStorage.executeInsert(IoTDBStorage.java:443)
	... 6 more
2026-02-27 01:13:35,109 ERROR [TThreadPoolServer WorkerProcess-2] - [org.apache.thrift.server.TThreadPoolServer$WorkerProcess.run:260] Thrift Error occurred during processing of message.
org.apache.thrift.transport.TTransportException: java.net.SocketException: Connection reset
	at org.apache.thrift.transport.TIOStreamTransport.read(TIOStreamTransport.java:181)
	at org.apache.thrift.transport.TTransport.readAll(TTransport.java:109)
	at org.apache.thrift.protocol.TBinaryProtocol.readAll(TBinaryProtocol.java:464)
	at org.apache.thrift.protocol.TBinaryProtocol.readI32(TBinaryProtocol.java:362)
	at org.apache.thrift.protocol.TBinaryProtocol.readMessageBegin(TBinaryProtocol.java:245)
	at org.apache.thrift.TBaseProcessor.process(TBaseProcessor.java:27)
	at org.apache.thrift.server.TThreadPoolServer$WorkerProcess.run(TThreadPoolServer.java:250)
	at java.base/java.util.concurrent.ThreadPoolExecutor.runWorker(ThreadPoolExecutor.java:1136)
	at java.base/java.util.concurrent.ThreadPoolExecutor$Worker.run(ThreadPoolExecutor.java:635)
	at java.base/java.lang.Thread.run(Thread.java:842)
Caused by: java.net.SocketException: Connection reset
	at java.base/sun.nio.ch.NioSocketImpl.implRead(NioSocketImpl.java:328)
	at java.base/sun.nio.ch.NioSocketImpl.read(NioSocketImpl.java:355)
	at java.base/sun.nio.ch.NioSocketImpl$1.read(NioSocketImpl.java:808)
	at java.base/java.net.Socket$SocketInputStream.read(Socket.java:966)
	at java.base/java.io.BufferedInputStream.fill(BufferedInputStream.java:244)
	at java.base/java.io.BufferedInputStream.read1(BufferedInputStream.java:284)
	at java.base/java.io.BufferedInputStream.read(BufferedInputStream.java:343)
	at org.apache.thrift.transport.TIOStreamTransport.read(TIOStreamTransport.java:177)
	... 9 more
2026-02-27 01:13:35,109 ERROR [TThreadPoolServer WorkerProcess-3] - [org.apache.thrift.server.TThreadPoolServer$WorkerProcess.run:260] Thrift Error occurred during processing of message.
org.apache.thrift.transport.TTransportException: java.net.SocketException: Connection reset
	at org.apache.thrift.transport.TIOStreamTransport.read(TIOStreamTransport.java:181)
	at org.apache.thrift.transport.TTransport.readAll(TTransport.java:109)
	at org.apache.thrift.protocol.TBinaryProtocol.readAll(TBinaryProtocol.java:464)
	at org.apache.thrift.protocol.TBinaryProtocol.readI32(TBinaryProtocol.java:362)
	at org.apache.thrift.protocol.TBinaryProtocol.readMessageBegin(TBinaryProtocol.java:245)
	at org.apache.thrift.TBaseProcessor.process(TBaseProcessor.java:27)
	at org.apache.thrift.server.TThreadPoolServer$WorkerProcess.run(TThreadPoolServer.java:250)
	at java.base/java.util.concurrent.ThreadPoolExecutor.runWorker(ThreadPoolExecutor.java:1136)
	at java.base/java.util.concurrent.ThreadPoolExecutor$Worker.run(ThreadPoolExecutor.java:635)
	at java.base/java.lang.Thread.run(Thread.java:842)
Caused by: java.net.SocketException: Connection reset
	at java.base/sun.nio.ch.NioSocketImpl.implRead(NioSocketImpl.java:328)
	at java.base/sun.nio.ch.NioSocketImpl.read(NioSocketImpl.java:355)
	at java.base/sun.nio.ch.NioSocketImpl$1.read(NioSocketImpl.java:808)
	at java.base/java.net.Socket$SocketInputStream.read(Socket.java:966)
	at java.base/java.io.BufferedInputStream.fill(BufferedInputStream.java:244)
	at java.base/java.io.BufferedInputStream.read1(BufferedInputStream.java:284)
	at java.base/java.io.BufferedInputStream.read(BufferedInputStream.java:343)
	at org.apache.thrift.transport.TIOStreamTransport.read(TIOStreamTransport.java:177)
	... 9 more
2026-02-27 01:23:21,692 INFO  [TThreadPoolServer WorkerProcess-4] - [cn.edu.tsinghua.iginx.auth.SessionManager.openSession:71] new session id comes: 8244967015555017711
2026-02-27 01:23:21,705 ERROR [TThreadPoolServer WorkerProcess-4] - [cn.edu.tsinghua.iginx.IginxWorker.partialFailAndLog:556] repeatedly add storage engine StorageEngineMeta {id='-1', ip='127.0.0.1', port='6668', type='filesystem', has_data='false', read_only='false', schema_prefix='NULL', data_prefix='NULL', extra_params='{has_data=false, data_prefix=models, is_read_only=false, dir=data, iginx_port=6888}', .
2026-02-27 01:25:12,665 INFO  [pool-22-thread-15] - [cn.edu.tsinghua.iginx.iotdb.IoTDBStorage.executeProjectDummyWithFilter:424] [Query] execute query: SELECT demo.flow FROM root WHERE (time >= 1772123100000000000 and time < 1772126700000000000 )
2026-02-27 01:25:12,665 INFO  [pool-22-thread-14] - [cn.edu.tsinghua.iginx.iotdb.IoTDBStorage.executeProjectWithFilter:368] [Query] execute query: SELECT demo.flow FROM root.unit0000000001 WHERE (time >= 1772123100000000000 and time < 1772126700000000000 )
2026-02-27 01:25:19,976 INFO  [pool-22-thread-17] - [cn.edu.tsinghua.iginx.iotdb.IoTDBStorage.executeProjectDummyWithFilter:424] [Query] execute query: SELECT demo.flow FROM root WHERE (time >= 1772123100000000000 and time < 1774545900000000000 )
2026-02-27 01:25:19,976 INFO  [pool-22-thread-16] - [cn.edu.tsinghua.iginx.iotdb.IoTDBStorage.executeProjectWithFilter:368] [Query] execute query: SELECT demo.flow FROM root.unit0000000001 WHERE (time >= 1772123100000000000 and time < 1774545900000000000 )
2026-02-27 01:25:21,581 INFO  [pool-22-thread-19] - [cn.edu.tsinghua.iginx.iotdb.IoTDBStorage.executeProjectDummyWithFilter:424] [Query] execute query: SELECT demo.flow FROM root WHERE (time >= 1772123100000000000 and time < 1774545900000000000 )
2026-02-27 01:25:21,581 INFO  [pool-22-thread-18] - [cn.edu.tsinghua.iginx.iotdb.IoTDBStorage.executeProjectWithFilter:368] [Query] execute query: SELECT demo.flow FROM root.unit0000000001 WHERE (time >= 1772123100000000000 and time < 1774545900000000000 )
2026-02-27 11:10:16,474 INFO  [pool-22-thread-21] - [cn.edu.tsinghua.iginx.iotdb.IoTDBStorage.executeProjectWithFilter:368] [Query] execute query: SELECT demo.flow FROM root.unit0000000001 WHERE (time >= 1772158200000000000 and time < 1772161800000000000 )
2026-02-27 11:10:16,474 INFO  [pool-22-thread-20] - [cn.edu.tsinghua.iginx.iotdb.IoTDBStorage.executeProjectDummyWithFilter:424] [Query] execute query: SELECT demo.flow FROM root WHERE (time >= 1772158200000000000 and time < 1772161800000000000 )
2026-02-27 11:10:17,376 INFO  [pool-22-thread-23] - [cn.edu.tsinghua.iginx.iotdb.IoTDBStorage.executeProjectWithFilter:368] [Query] execute query: SELECT demo.pressure FROM root.unit0000000001 WHERE (time >= 1772158200000000000 and time < 1772161800000000000 )
2026-02-27 11:10:17,376 INFO  [pool-22-thread-22] - [cn.edu.tsinghua.iginx.iotdb.IoTDBStorage.executeProjectDummyWithFilter:424] [Query] execute query: SELECT demo.pressure FROM root WHERE (time >= 1772158200000000000 and time < 1772161800000000000 )
2026-02-27 11:10:18,062 INFO  [pool-22-thread-24] - [cn.edu.tsinghua.iginx.iotdb.IoTDBStorage.executeProjectWithFilter:368] [Query] execute query: SELECT demo.temperature FROM root.unit0000000001 WHERE (time >= 1772158200000000000 and time < 1772161800000000000 )
2026-02-27 11:10:18,065 INFO  [pool-22-thread-25] - [cn.edu.tsinghua.iginx.iotdb.IoTDBStorage.executeProjectDummyWithFilter:424] [Query] execute query: SELECT demo.temperature FROM root WHERE (time >= 1772158200000000000 and time < 1772161800000000000 )
2026-02-27 11:10:21,685 INFO  [pool-22-thread-27] - [cn.edu.tsinghua.iginx.iotdb.IoTDBStorage.executeProjectDummyWithFilter:424] [Query] execute query: SELECT demo.pressure FROM root WHERE (time >= 1772158200000000000 and time < 1772161800000000000 )
2026-02-27 11:10:21,702 INFO  [pool-22-thread-26] - [cn.edu.tsinghua.iginx.iotdb.IoTDBStorage.executeProjectWithFilter:368] [Query] execute query: SELECT demo.pressure FROM root.unit0000000001 WHERE (time >= 1772158200000000000 and time < 1772161800000000000 )
2026-02-27 11:10:22,353 INFO  [pool-22-thread-29] - [cn.edu.tsinghua.iginx.iotdb.IoTDBStorage.executeProjectDummyWithFilter:424] [Query] execute query: SELECT demo.flow FROM root WHERE (time >= 1772158200000000000 and time < 1772161800000000000 )
2026-02-27 11:10:22,353 INFO  [pool-22-thread-28] - [cn.edu.tsinghua.iginx.iotdb.IoTDBStorage.executeProjectWithFilter:368] [Query] execute query: SELECT demo.flow FROM root.unit0000000001 WHERE (time >= 1772158200000000000 and time < 1772161800000000000 )
